Warning: Option 'run1-1e6.in' is not parsed by Ippl.
OPAL-X> configure done argc= 4
OPAL-X>               ____  _____        _       __   __
OPAL-X> 
OPAL-X> This is OPAL-X (Object Oriented Parallel Accelerator Library) Version 2024.1.00
OPAL-X>             git rev. ac1b7f5951630e232502575123a79f799192cf6e
OPAL-X> 
OPAL-X> 
OPAL-X>                      (c) PSI, http://amas.web.psi.ch
OPAL-X> 
OPAL-X> 
OPAL-X> This is the performance portable version of OPAL
OPAL-X> 
OPAL-X> Please send cookies, goodies or other motivations (wine and beer ... ) 
OPAL-X> to the OPAL developers opal@lists.psi.ch
OPAL-X> 
OPAL-X> Time: 14:04:59 date: 20/05/2025
OPAL-X> 
OPAL-X> * Host:   OpenMP
OPAL-X> * Device: OpenMP
OPAL-X> 
OPAL-X> * Reading input stream 'run1-1e6.in'
OPAL-X> 
OPAL-X> value: {EDES,P0,OPALVERSION} = {0.001, 0.00142197, 2.02401e+07}
OPAL-X> 
OPAL-X> * Number of distributions  1
OPAL-X> 
OPAL-X> * ************* D I S T R I B U T I O N ********************************************
OPAL-X> * 
OPAL-X> * Distribution type: GAUSS
OPAL-X> * 
OPAL-X> * SIGMAX     = 0.001 [m]
OPAL-X> * SIGMAY     = 0.001 [m]
OPAL-X> * SIGMAZ     = 0.001 [m]
OPAL-X> * SIGMAPX    = 0 [Beta Gamma]
OPAL-X> * SIGMAPY    = 0 [Beta Gamma]
OPAL-X> * SIGMAPZ    = 0 [Beta Gamma]
OPAL-X> * 
OPAL-X> * Distribution is injected.
OPAL-X> * 
OPAL-X> * **********************************************************************************
OPAL-X> 
OPAL-X> * ************* F I E L D S O L V E R ********************************************** 
OPAL-X> * FIELDSOLVER  FS1
OPAL-X> * TYPE         NONE
OPAL-X> * RANKS       1
OPAL-X> * NX           16
OPAL-X> * NY           16
OPAL-X> * NZ           16
OPAL-X> * BBOXINCR     1
OPAL-X> * GREENSF      INTEGRATED
OPAL-X> * XDIM         serial  
OPAL-X> * YDIM         serial  
OPAL-X> * ZDIM      parallel  
OPAL-X> * ********************************************************************************** 
OPAL-X> 
OPAL-X> * ************* B E A M ************************************************************ 
OPAL-X> * BEAM        BEAM1
OPAL-X> * PARTICLE    ELECTRON
OPAL-X> * REST MASS   0.000510999 [GeV]
OPAL-X> * CHARGE      -e * 1 
OPAL-X> * MOMENTUM    1.42197e+06 [eV/c]
OPAL-X> * MOMENTUM    0.00142197 [GeV/c]
OPAL-X> * CURRENT     1.3 [A]
OPAL-X> * FREQUENCY   1300 [MHz]
OPAL-X> * NPART       1e+06
OPAL-X> * ********************************************************************************** 
OPAL-X> 
OPAL-X> PartBunch Constructor
OPAL-X> * Solver and Load Balancer set
OPAL-X> number_of_processors 88
OPAL-X> MPI_Comm_size 1
OPAL-X> * About to create particles ...
OPAL-X> * Particle creation done
OPAL-X> 
OPAL-X> * ************** B U N C H ********************************************************* 
OPAL-X> * PARTICLES       = 1000000
OPAL-X> * CHARGE          = -1.000000e-09 (Cb) 
OPAL-X> * INTEGRATOR      = LF2
OPAL-X> * MIN R (origin)  = (     -3.00000 ,     -3.00112 ,     -2.99977 ) [mm]
OPAL-X> * MAX R (max ext) = (      2.99991 ,      2.99853 ,      2.99968 ) [mm]
OPAL-X> * RMS R           = (    986.53417 ,    985.12140 ,    987.32117 ) [um]
OPAL-X> * RMS P           = ( 0.000000e+00 , 0.000000e+00 , 1.242206e-11 ) [beta gamma]
OPAL-X> * Mean R: ( 6.665146e-21 , -3.195263e-20 , -4.907316e-21 ) [m]
OPAL-X> * Mean P: ( 0.000000e+00 , 0.000000e+00 , 2.782725e+00 ) [beta gamma]
OPAL-X> * MESH SPACING    = (    378.74461 ,    378.72790 ,    378.71532 ) [um]
OPAL-X> * COMPDOM INCR    = 1.000000e+00 (%) 
OPAL-X> * FIELD LAYOUT    = Domain = {[0:15:1],[0:15:1],[0:15:1]}
OPAL-X> Total number of boxes = 1
OPAL-X>     Box 0 {[0:15:1],[0:15:1],[0:15:1]}
OPAL-X> 
OPAL-X> * Centroid : 
OPAL-X> * 6.665146e-15 0.000000e+00 -3.195263e-14 0.000000e+00 -4.907316e-15 2.782725e+06 
OPAL-X> * Cov Matrix : 
OPAL-X> * 9.732497e-07 0.000000e+00 -2.394019e-10 0.000000e+00 -2.324028e-10 -1.441148e-31 
OPAL-X> * 0.000000e+00 0.000000e+00 0.000000e+00 0.000000e+00 0.000000e+00 0.000000e+00 
OPAL-X> * -2.394019e-10 0.000000e+00 9.704642e-07 0.000000e+00 -9.246182e-10 -1.087476e-31 
OPAL-X> * 0.000000e+00 0.000000e+00 0.000000e+00 0.000000e+00 0.000000e+00 0.000000e+00 
OPAL-X> * -2.324028e-10 0.000000e+00 -9.246182e-10 0.000000e+00 9.748031e-07 -1.707868e-31 
OPAL-X> * -1.441148e-31 0.000000e+00 -1.087476e-31 0.000000e+00 -1.707868e-31 1.543077e-22 
OPAL-X> * * ********************************************************************************** 
OPAL-X> * Creating new file for data: 'run1-1e6.stat'
OPAL-X> * Creating new file for data: 'run1-1e6.lbal'
OPAL-X> * BF gone live
OPAL-X> ParallelTrack: momentum=  2.78273
OPAL-X> itsBunch_m->RefPartR_m= ( 6.66515e-21 , -3.19526e-20 , -4.90732e-21 )
OPAL-X> itsBunch_m->RefPartP_m= ( 0 , 0 , 2.78273 )
OPAL-X> OrbitThreader dt_m= 1e-10
OPAL-X> OrbitThreader maxDistance= 1.79769e+308
OPAL-X> OrbitThreader #elements  = 1
OPAL-X> OrbitThreader maxDistance= 1.28996
OPAL-X> OrbitThreader #elements  = 0
OPAL-X> 
OPAL-X> * Size of map 2 sections 
OPAL-X> * Key: (      0.000000 -       0.507831) number of overlapping elements 1
OPAL-X> *                                        BF
OPAL-X> * Key: (      0.507831 - 1000006.000000) number of overlapping elements 0
OPAL-X> 
OPAL-X> * Creating new file for data: 'data/run1-1e6_ElementPositions.sdds'
OPAL-X> * Track start at: 14:05:00, t= 0.000 [fs]; zstart at: 0.000 [um]
OPAL-X> * Executing ParallelTracker
OPAL-X> * Initial dt = 100.000 [ps]
OPAL-X> * Max integration steps = 33, next step = 0
OPAL-X> 
OPAL-X>                dt [ns]           zStop [m]        num Steps [1]
OPAL-X> ->         1.000000e-10        1.000000e+06                  33
OPAL-X> no solver avaidable 
OPAL-X> * 14:05:02 Step      0 at 28.213 [mm], t= 100.000 [ps], E=1.000 [MeV]
OPAL-X> * Wrote beam statistics.
OPAL-X> no solver avaidable 
OPAL-X> * 14:05:04 Step      1 at 56.426 [mm], t= 200.000 [ps], E=1.000 [MeV]
OPAL-X> * Wrote beam statistics.
OPAL-X> no solver avaidable 
OPAL-X> * 14:05:06 Step      2 at 84.639 [mm], t= 300.000 [ps], E=1.000 [MeV]
OPAL-X> * Wrote beam statistics.
OPAL-X> no solver avaidable 
OPAL-X> * 14:05:08 Step      3 at 112.851 [mm], t= 400.000 [ps], E=1.000 [MeV]
OPAL-X> * Wrote beam statistics.
OPAL-X> no solver avaidable 
OPAL-X> * 14:05:11 Step      4 at 141.064 [mm], t= 500.000 [ps], E=1.000 [MeV]
OPAL-X> * Wrote beam statistics.
OPAL-X> no solver avaidable 
OPAL-X> * 14:05:13 Step      5 at 169.277 [mm], t= 600.000 [ps], E=1.000 [MeV]
OPAL-X> * Wrote beam statistics.
OPAL-X> no solver avaidable 
OPAL-X> * 14:05:15 Step      6 at 197.490 [mm], t= 700.000 [ps], E=1.000 [MeV]
OPAL-X> * Wrote beam statistics.
OPAL-X> no solver avaidable 
OPAL-X> * 14:05:17 Step      7 at 225.703 [mm], t= 800.000 [ps], E=1.000 [MeV]
OPAL-X> * Wrote beam statistics.
OPAL-X> no solver avaidable 
OPAL-X> * 14:05:19 Step      8 at 253.916 [mm], t= 900.000 [ps], E=1.000 [MeV]
OPAL-X> * Wrote beam statistics.
OPAL-X> no solver avaidable 
OPAL-X> * 14:05:21 Step      9 at 282.128 [mm], t= 1.000 [ns], E=1.000 [MeV]
OPAL-X> * Wrote beam statistics.
OPAL-X> no solver avaidable 
OPAL-X> * 14:05:23 Step     10 at 310.341 [mm], t= 1.100 [ns], E=1.000 [MeV]
OPAL-X> * Wrote beam statistics.
OPAL-X> no solver avaidable 
OPAL-X> * 14:05:26 Step     11 at 338.554 [mm], t= 1.200 [ns], E=1.000 [MeV]
OPAL-X> * Wrote beam statistics.
OPAL-X> no solver avaidable 
OPAL-X> * 14:05:28 Step     12 at 366.767 [mm], t= 1.300 [ns], E=1.000 [MeV]
OPAL-X> * Wrote beam statistics.
OPAL-X> no solver avaidable 
OPAL-X> * 14:05:30 Step     13 at 394.980 [mm], t= 1.400 [ns], E=1.000 [MeV]
OPAL-X> * Wrote beam statistics.
OPAL-X> no solver avaidable 
OPAL-X> * 14:05:32 Step     14 at 423.193 [mm], t= 1.500 [ns], E=1.000 [MeV]
OPAL-X> * Wrote beam statistics.
OPAL-X> no solver avaidable 
OPAL-X> * 14:05:34 Step     15 at 451.406 [mm], t= 1.600 [ns], E=1.000 [MeV]
OPAL-X> * Wrote beam statistics.
OPAL-X> no solver avaidable 
OPAL-X> * 14:05:36 Step     16 at 479.618 [mm], t= 1.700 [ns], E=1.000 [MeV]
OPAL-X> * Wrote beam statistics.
OPAL-X> no solver avaidable 
OPAL-X> * 14:05:39 Step     17 at 507.831 [mm], t= 1.800 [ns], E=1.000 [MeV]
OPAL-X> * Wrote beam statistics.
OPAL-X> no solver avaidable 
OPAL-X> * 14:05:41 Step     18 at 536.044 [mm], t= 1.900 [ns], E=1.000 [MeV]
OPAL-X> * Wrote beam statistics.
OPAL-X> no solver avaidable 
OPAL-X> * 14:05:42 Step     19 at 564.257 [mm], t= 2.000 [ns], E=1.000 [MeV]
OPAL-X> * Wrote beam statistics.
OPAL-X> no solver avaidable 
OPAL-X> * 14:05:43 Step     20 at 592.470 [mm], t= 2.100 [ns], E=1.000 [MeV]
OPAL-X> * Wrote beam statistics.
OPAL-X> no solver avaidable 
OPAL-X> * 14:05:44 Step     21 at 620.683 [mm], t= 2.200 [ns], E=1.000 [MeV]
OPAL-X> * Wrote beam statistics.
OPAL-X> no solver avaidable 
OPAL-X> * 14:05:46 Step     22 at 648.895 [mm], t= 2.300 [ns], E=1.000 [MeV]
OPAL-X> * Wrote beam statistics.
OPAL-X> no solver avaidable 
OPAL-X> * 14:05:47 Step     23 at 677.108 [mm], t= 2.400 [ns], E=1.000 [MeV]
OPAL-X> * Wrote beam statistics.
OPAL-X> no solver avaidable 
OPAL-X> * 14:05:48 Step     24 at 705.321 [mm], t= 2.500 [ns], E=1.000 [MeV]
OPAL-X> * Wrote beam statistics.
OPAL-X> no solver avaidable 
OPAL-X> * 14:05:49 Step     25 at 733.534 [mm], t= 2.600 [ns], E=1.000 [MeV]
OPAL-X> * Wrote beam statistics.
OPAL-X> no solver avaidable 
OPAL-X> * 14:05:50 Step     26 at 761.747 [mm], t= 2.700 [ns], E=1.000 [MeV]
OPAL-X> * Wrote beam statistics.
OPAL-X> no solver avaidable 
OPAL-X> * 14:05:52 Step     27 at 789.960 [mm], t= 2.800 [ns], E=1.000 [MeV]
OPAL-X> * Wrote beam statistics.
OPAL-X> no solver avaidable 
OPAL-X> * 14:05:53 Step     28 at 818.173 [mm], t= 2.900 [ns], E=1.000 [MeV]
OPAL-X> * Wrote beam statistics.
OPAL-X> no solver avaidable 
OPAL-X> * 14:05:54 Step     29 at 846.385 [mm], t= 3.000 [ns], E=1.000 [MeV]
OPAL-X> * Wrote beam statistics.
OPAL-X> no solver avaidable 
OPAL-X> * 14:05:55 Step     30 at 874.598 [mm], t= 3.100 [ns], E=1.000 [MeV]
OPAL-X> * Wrote beam statistics.
OPAL-X> no solver avaidable 
OPAL-X> * 14:05:56 Step     31 at 902.811 [mm], t= 3.200 [ns], E=1.000 [MeV]
OPAL-X> * Wrote beam statistics.
OPAL-X> no solver avaidable 
OPAL-X> * 14:05:58 Step     32 at 931.024 [mm], t= 3.300 [ns], E=1.000 [MeV]
OPAL-X> * Wrote beam statistics.
OPAL-X> * Dump phase space of last step
OPAL-X> * BF gone off
OPAL-X> 
OPAL-X> * Done executing ParallelTracker at 14:05:58
OPAL-X> 
OPAL-X> * Finished time step: 0 time: 0.000000e+00
OPAL-X> * End of input stream 'run1-1e6.in'
Timings> ---------------------------------------------
Timings>      Timing results for 1 nodes:
Timings> ---------------------------------------------
Timings> mainTimer........... Wall tot =    58.8532
Timings> 
Timings> gatherInfoPartBunch. Wall max = 0.000677529
Timings>                      Wall avg = 0.000677529
Timings>                      Wall min = 0.000677529
Timings> 
Timings> setSolver........... Wall max = 0.000290863
Timings>                      Wall avg = 0.000290863
Timings>                      Wall min = 0.000290863
Timings> 
Timings> prerun.............. Wall max = 8.4048e-05
Timings>                      Wall avg = 8.4048e-05
Timings>                      Wall min = 8.4048e-05
Timings> 
Timings> samplingTime........ Wall max =   0.815492
Timings>                      Wall avg =   0.815492
Timings>                      Wall min =   0.815492
Timings> 
Timings> SamplingTimer....... Wall max =   0.815427
Timings>                      Wall avg =   0.815427
Timings>                      Wall min =   0.815427
Timings> 
Timings> GenParticles........ Wall max =   0.815433
Timings>                      Wall avg =   0.815433
Timings>                      Wall min =   0.815433
Timings> 
Timings> particleBC.......... Wall max = 0.00716767
Timings>                      Wall avg = 0.00716767
Timings>                      Wall min = 0.00716767
Timings> 
Timings> updateParticle...... Wall max =          0
Timings>                      Wall avg =          0
Timings>                      Wall min =          0
Timings> 
Timings> Write Stat.......... Wall max =  0.0131065
Timings>                      Wall avg =  0.0131065
Timings>                      Wall min =  0.0131065
Timings> 
Timings> Write H5-File....... Wall max =     7.6085
Timings>                      Wall avg =     7.6085
Timings>                      Wall min =     7.6085
Timings> 
Timings> TIntegration1....... Wall max =   0.401735
Timings>                      Wall avg =   0.401735
Timings>                      Wall min =   0.401735
Timings> 
Timings> TIntegration2....... Wall max =    1.25829
Timings>                      Wall avg =    1.25829
Timings>                      Wall min =    1.25829
Timings> 
Timings> External field eval. Wall max =    18.4581
Timings>                      Wall avg =    18.4581
Timings>                      Wall min =    18.4581
Timings> 
Timings> Binaryrepart........ Wall max =          0
Timings>                      Wall avg =          0
Timings>                      Wall min =          0
Timings> 
Timings> OrbThreader......... Wall max =  0.0156642
Timings>                      Wall avg =  0.0156642
Timings>                      Wall min =  0.0156642
Timings> 
Timings> ---------------------------------------------
