g++3.2 -ftemplate-depth-60 -g   -I/home/adelmann/r1/src   -I/usr/local/mpich/include    -DPETE_BITWISE_COPY -DIPPL_HAS_TEMPLATED_COMPLEX -DIPPL_USE_MEMBER_TEMPLATES -DIPPL_USE_PARTIAL_SPECIALIZATION -DIPPL_USE_STANDARD_HEADERS -DIPPL_STDSTL -DIPPL_LONGLONG -Drestrict=__restrict__ -DNOCTAssert  -DIPPL_DEBUG -DIPPL_MPI -DIPPL_GCC -DIPPL_DONT_POOL -DIPPL_USE_XDIV_RNG -DIPPL_LINUX      -I. -c speed1.cpp
g++3.2  -ftemplate-depth-60 -g   -I/home/adelmann/r1/src   -I/usr/local/mpich/include    -DPETE_BITWISE_COPY -DIPPL_HAS_TEMPLATED_COMPLEX -DIPPL_USE_MEMBER_TEMPLATES -DIPPL_USE_PARTIAL_SPECIALIZATION -DIPPL_USE_STANDARD_HEADERS -DIPPL_STDSTL -DIPPL_LONGLONG -Drestrict=__restrict__ -DNOCTAssert  -DIPPL_DEBUG -DIPPL_MPI -DIPPL_GCC -DIPPL_DONT_POOL -DIPPL_USE_XDIV_RNG -DIPPL_LINUX        -o speed1 speed1.o -L/usr/local/mpich/lib -L/home/adelmann/r1/lib/LINUX   -static -lippl -lfft  -lmpich -lm  
g++3.2 -ftemplate-depth-60 -g   -I/home/adelmann/r1/src   -I/usr/local/mpich/include    -DPETE_BITWISE_COPY -DIPPL_HAS_TEMPLATED_COMPLEX -DIPPL_USE_MEMBER_TEMPLATES -DIPPL_USE_PARTIAL_SPECIALIZATION -DIPPL_USE_STANDARD_HEADERS -DIPPL_STDSTL -DIPPL_LONGLONG -Drestrict=__restrict__ -DNOCTAssert  -DIPPL_DEBUG -DIPPL_MPI -DIPPL_GCC -DIPPL_DONT_POOL -DIPPL_USE_XDIV_RNG -DIPPL_LINUX      -I. -c stencil1.cpp
