Warning: Option 'template.in' is not parsed by Ippl.
OPAL-X{0}> configure done argc= 4
OPAL-X{0}>               ____  _____        _       __   __
OPAL-X{0}> 
OPAL-X{0}> This is OPAL-X (Object Oriented Parallel Accelerator Library) Version 2024.1.00
OPAL-X{0}>             git rev. 01389cb44db5c13da929eb3a3ae955738cb80a98
OPAL-X{0}> 
OPAL-X{0}> 
OPAL-X{0}>                      (c) PSI, http://amas.web.psi.ch
OPAL-X{0}> 
OPAL-X{0}> 
OPAL-X{0}> This is the performance portable version of OPAL
OPAL-X{0}> 
OPAL-X{0}> Please send cookies, goodies or other motivations (wine and beer ... ) 
OPAL-X{0}> to the OPAL developers opal@lists.psi.ch
OPAL-X{0}> 
OPAL-X{0}> Time: 17:18:00 date: 19/06/2025
OPAL-X{0}> 
OPAL-X{0}> * Host:   OpenMP
OPAL-X{0}> * Device: OpenMP
OPAL-X{0}> 
OPAL-X{0}> * Reading input stream 'template.in'
OPAL-X{0}> 
OPAL-X{0}> value: {EDES,P0,OPALVERSION} = {0.001, 0.00142197, 2.02401e+07}
OPAL-X{0}> 
OPAL-X{0}> * Number of distributions  1
OPAL-X{0}> 
OPAL-X{0}> * ************* D I S T R I B U T I O N ********************************************
OPAL-X{0}> * 
OPAL-X{0}> * Distribution type: GAUSS
OPAL-X{0}> * 
OPAL-X{0}> * SIGMAX     = 0.001 [m]
OPAL-X{0}> * SIGMAY     = 0.001 [m]
OPAL-X{0}> * SIGMAZ     = 0.001 [m]
OPAL-X{0}> * SIGMAPX    = 0 [Beta Gamma]
OPAL-X{0}> * SIGMAPY    = 0 [Beta Gamma]
OPAL-X{0}> * SIGMAPZ    = 0 [Beta Gamma]
OPAL-X{0}> * 
OPAL-X{0}> * Distribution is injected.
OPAL-X{0}> * 
OPAL-X{0}> * **********************************************************************************
OPAL-X{0}> 
OPAL-X{0}> * ************* F I E L D S O L V E R ********************************************** 
OPAL-X{0}> * FIELDSOLVER  FS1
OPAL-X{0}> * TYPE         NONE
OPAL-X{0}> * RANKS       4
OPAL-X{0}> * NX           16
OPAL-X{0}> * NY           16
OPAL-X{0}> * NZ           16
OPAL-X{0}> * BBOXINCR     1
OPAL-X{0}> * GREENSF      INTEGRATED
OPAL-X{0}> * XDIM         serial  
OPAL-X{0}> * YDIM         serial  
OPAL-X{0}> * ZDIM      parallel  
OPAL-X{0}> * ********************************************************************************** 
OPAL-X{0}> 
OPAL-X{0}> * ************* B E A M ************************************************************ 
OPAL-X{0}> * BEAM        BEAM1
OPAL-X{0}> * PARTICLE    ELECTRON
OPAL-X{0}> * REST MASS   0.000510999 [GeV]
OPAL-X{0}> * CHARGE      -e * 1 
OPAL-X{0}> * MOMENTUM    1.42197e+06 [eV/c]
OPAL-X{0}> * MOMENTUM    0.00142197 [GeV/c]
OPAL-X{0}> * CURRENT     1.3 [A]
OPAL-X{0}> * FREQUENCY   1300 [MHz]
OPAL-X{0}> * NPART       1e+06
OPAL-X{0}> * ********************************************************************************** 
OPAL-X{0}> 
OPAL-X{0}> PartBunch Constructor
OPAL-X{0}> * Solver and Load Balancer set
OPAL-X{0}> number_of_processors 88
OPAL-X{0}> MPI_Comm_size 4
OPAL-X{0}> * About to create particles ...
OPAL-X{0}> numParticles 1000000; nlocal250000; ramian0
OPAL-X{0}> Rview ( 0.000509675 , 0.00100332 , -0.00242439 )
OPAL-X{0}> Rview ( 6.48011e-05 , 0.000304748 , -0.00142792 )
OPAL-X{0}> Rview ( 4.41563e-05 , -0.0006749 , -7.44575e-06 )
OPAL-X{0}> Rview ( -0.000641569 , 0.000606835 , -0.00109909 )
OPAL-X{0}> Rview ( -0.000317159 , -0.00115033 , 0.000240998 )
OPAL-X{0}> Rview ( -0.000464359 , 2.62746e-06 , 0.000409165 )
OPAL-X{0}> Rview ( -0.000466215 , 0.000446994 , 0.000694306 )
OPAL-X{0}> Rview ( -0.00030797 , 0.00218022 , 0.00119968 )
OPAL-X{0}> Rview ( 0.00117848 , 0.00103457 , -0.00179325 )
OPAL-X{0}> Rview ( -0.000575034 , -0.000464534 , -3.21361e-05 )
OPAL-X{0}> Rview ( 0.00115825 , -0.000502589 , 0.000700289 )
OPAL-X{0}> MeanR -5.02066e-07 -3.08658e-07 1.4143e-06
OPAL-X{0}> local -0.0939221 0.506305 0.126646
OPAL-X{0}> * Particle creation done
OPAL-X{0}> 
OPAL-X{0}> * ************** B U N C H ********************************************************* 
OPAL-X{0}> * PARTICLES       = 1000000
OPAL-X{0}> * CHARGE          = -1.000000e-09 (Cb) 
OPAL-X{0}> * INTEGRATOR      = LF2
OPAL-X{0}> * MIN R (origin)  = (     -2.99935 ,     -2.99912 ,     -3.00133 ) [mm]
OPAL-X{0}> * MAX R (max ext) = (      3.00012 ,      3.00019 ,      2.99839 ) [mm]
OPAL-X{0}> * RMS R           = (    987.05770 ,    986.92537 ,    986.58184 ) [um]
OPAL-X{0}> * RMS P           = ( 0.000000e+00 , 0.000000e+00 , 1.314504e-13 ) [beta gamma]
OPAL-X{0}> * Mean R: ( 9.992007e-22 , -1.040834e-20 , -1.705303e-19 ) [m]
OPAL-X{0}> * Mean P: ( 0.000000e+00 , 0.000000e+00 , 2.782725e+00 ) [beta gamma]
OPAL-X{0}> * MESH SPACING    = (    378.71686 ,    378.70646 ,    378.73227 ) [um]
OPAL-X{0}> * COMPDOM INCR    = 1.000000e+00 (%) 
OPAL-X{0}> * FIELD LAYOUT    = Domain = {[0:15:1],[0:15:1],[0:15:1]}
OPAL-X{0}> Total number of boxes = 4
OPAL-X{0}>     Box 0 {[0:15:1],[0:15:1],[0:3:1]}
OPAL-X{0}>     Box 1 {[0:15:1],[0:15:1],[4:7:1]}
OPAL-X{0}>     Box 2 {[0:15:1],[0:15:1],[8:11:1]}
OPAL-X{0}>     Box 3 {[0:15:1],[0:15:1],[12:15:1]}
OPAL-X{0}> 
OPAL-X{0}> * Centroid : 
OPAL-X{0}> * 9.992007e-16 0.000000e+00 -1.040834e-14 0.000000e+00 -1.705303e-13 2.782725e+06 
OPAL-X{0}> * Cov Matrix : 
OPAL-X{0}> * 9.742829e-07 0.000000e+00 -1.707444e-09 0.000000e+00 -1.661325e-10 -1.640831e-34 
OPAL-X{0}> * 0.000000e+00 0.000000e+00 0.000000e+00 0.000000e+00 0.000000e+00 0.000000e+00 
OPAL-X{0}> * -1.707444e-09 0.000000e+00 9.740217e-07 0.000000e+00 -2.928131e-11 5.490472e-34 
OPAL-X{0}> * 0.000000e+00 0.000000e+00 0.000000e+00 0.000000e+00 0.000000e+00 0.000000e+00 
OPAL-X{0}> * -1.661325e-10 0.000000e+00 -2.928131e-11 0.000000e+00 9.733437e-07 -2.584939e-32 
OPAL-X{0}> * -1.640831e-34 0.000000e+00 5.490472e-34 0.000000e+00 -2.584939e-32 1.727921e-26 
OPAL-X{0}> * * ********************************************************************************** 
OPAL-X{0}> * Creating new file for data: 'template.stat'
OPAL-X{0}> * Creating new file for data: 'template.lbal'
OPAL-X{0}> * BF gone live
OPAL-X{0}> ParallelTrack: momentum=  2.78273
OPAL-X{0}> itsBunch_m->RefPartR_m= ( 9.99201e-22 , -1.04083e-20 , -1.7053e-19 )
OPAL-X{0}> itsBunch_m->RefPartP_m= ( 0 , 0 , 2.78273 )
OPAL-X{0}> OrbitThreader dt_m= 1e-11
OPAL-X{0}> OrbitThreader maxDistance= 1.79769e+308
OPAL-X{0}> OrbitThreader #elements  = 1
OPAL-X{0}> 
OPAL-X{0}> * Size of map 1 sections 
OPAL-X{0}> * Key: (0.000000 - 0.499367) number of overlapping elements 1
OPAL-X{0}> *                            BF
OPAL-X{0}> 
OPAL-X{0}> * Creating new file for data: 'data/template_ElementPositions.sdds'
OPAL-X{0}> * Track start at: 17:18:00, t= 0.000 [fs]; zstart at: 0.000 [um]
OPAL-X{0}> * Executing ParallelTracker
OPAL-X{0}> * Initial dt = 10.000 [ps]
OPAL-X{0}> * Max integration steps = 150, next step = 0
OPAL-X{0}> 
OPAL-X{0}> * REPARTFREQ 1000
OPAL-X{0}>                dt [ns]           zStop [m]        num Steps [1]
OPAL-X{0}> ->         1.000000e-11        1.000000e+06                 150
OPAL-X{0}> no solver avaidable 
OPAL-X{0}> * 17:18:00 Step      0 at 2.821 [mm], t= 10.000 [ps], E=1.000 [MeV]
OPAL-X{0}> * Wrote beam statistics.
OPAL-X{0}> no solver avaidable 
OPAL-X{0}> * 17:18:01 Step      1 at 5.643 [mm], t= 20.000 [ps], E=1.000 [MeV]
OPAL-X{0}> * Wrote beam statistics.
OPAL-X{0}> no solver avaidable 
OPAL-X{0}> * 17:18:01 Step      2 at 8.464 [mm], t= 30.000 [ps], E=1.000 [MeV]
OPAL-X{0}> * Wrote beam statistics.
OPAL-X{0}> no solver avaidable 
OPAL-X{0}> * 17:18:02 Step      3 at 11.285 [mm], t= 40.000 [ps], E=1.000 [MeV]
OPAL-X{0}> * Wrote beam statistics.
OPAL-X{0}> no solver avaidable 
OPAL-X{0}> * 17:18:02 Step      4 at 14.106 [mm], t= 50.000 [ps], E=1.000 [MeV]
OPAL-X{0}> * Wrote beam statistics.
OPAL-X{0}> no solver avaidable 
OPAL-X{0}> * 17:18:03 Step      5 at 16.928 [mm], t= 60.000 [ps], E=1.000 [MeV]
OPAL-X{0}> * Wrote beam statistics.
OPAL-X{0}> no solver avaidable 
OPAL-X{0}> * 17:18:03 Step      6 at 19.749 [mm], t= 70.000 [ps], E=1.000 [MeV]
OPAL-X{0}> * Wrote beam statistics.
OPAL-X{0}> no solver avaidable 
OPAL-X{0}> * 17:18:03 Step      7 at 22.570 [mm], t= 80.000 [ps], E=1.000 [MeV]
OPAL-X{0}> * Wrote beam statistics.
OPAL-X{0}> no solver avaidable 
OPAL-X{0}> * 17:18:04 Step      8 at 25.392 [mm], t= 90.000 [ps], E=1.000 [MeV]
OPAL-X{0}> * Wrote beam statistics.
OPAL-X{0}> no solver avaidable 
OPAL-X{0}> * 17:18:04 Step      9 at 28.213 [mm], t= 100.000 [ps], E=1.000 [MeV]
OPAL-X{0}> * Wrote beam statistics.
OPAL-X{0}> no solver avaidable 
OPAL-X{0}> * 17:18:05 Step     10 at 31.034 [mm], t= 110.000 [ps], E=1.000 [MeV]
OPAL-X{0}> * Wrote beam statistics.
OPAL-X{0}> no solver avaidable 
OPAL-X{0}> * 17:18:05 Step     11 at 33.855 [mm], t= 120.000 [ps], E=1.000 [MeV]
OPAL-X{0}> * Wrote beam statistics.
OPAL-X{0}> no solver avaidable 
OPAL-X{0}> * 17:18:06 Step     12 at 36.677 [mm], t= 130.000 [ps], E=1.000 [MeV]
OPAL-X{0}> * Wrote beam statistics.
OPAL-X{0}> no solver avaidable 
OPAL-X{0}> * 17:18:06 Step     13 at 39.498 [mm], t= 140.000 [ps], E=1.000 [MeV]
OPAL-X{0}> * Wrote beam statistics.
OPAL-X{0}> no solver avaidable 
OPAL-X{0}> * 17:18:07 Step     14 at 42.319 [mm], t= 150.000 [ps], E=1.000 [MeV]
OPAL-X{0}> * Wrote beam statistics.
OPAL-X{0}> no solver avaidable 
OPAL-X{0}> * 17:18:07 Step     15 at 45.141 [mm], t= 160.000 [ps], E=1.000 [MeV]
OPAL-X{0}> * Wrote beam statistics.
OPAL-X{0}> no solver avaidable 
OPAL-X{0}> * 17:18:08 Step     16 at 47.962 [mm], t= 170.000 [ps], E=1.000 [MeV]
OPAL-X{0}> * Wrote beam statistics.
OPAL-X{0}> no solver avaidable 
OPAL-X{0}> * 17:18:08 Step     17 at 50.783 [mm], t= 180.000 [ps], E=1.000 [MeV]
OPAL-X{0}> * Wrote beam statistics.
OPAL-X{0}> no solver avaidable 
OPAL-X{0}> * 17:18:09 Step     18 at 53.604 [mm], t= 190.000 [ps], E=1.000 [MeV]
OPAL-X{0}> * Wrote beam statistics.
OPAL-X{0}> no solver avaidable 
OPAL-X{0}> * 17:18:09 Step     19 at 56.426 [mm], t= 200.000 [ps], E=1.000 [MeV]
OPAL-X{0}> * Wrote beam statistics.
OPAL-X{0}> no solver avaidable 
OPAL-X{0}> * 17:18:10 Step     20 at 59.247 [mm], t= 210.000 [ps], E=1.000 [MeV]
OPAL-X{0}> * Wrote beam statistics.
OPAL-X{0}> no solver avaidable 
OPAL-X{0}> * 17:18:10 Step     21 at 62.068 [mm], t= 220.000 [ps], E=1.000 [MeV]
OPAL-X{0}> * Wrote beam statistics.
OPAL-X{0}> no solver avaidable 
OPAL-X{0}> * 17:18:11 Step     22 at 64.890 [mm], t= 230.000 [ps], E=1.000 [MeV]
OPAL-X{0}> * Wrote beam statistics.
OPAL-X{0}> no solver avaidable 
OPAL-X{0}> * 17:18:11 Step     23 at 67.711 [mm], t= 240.000 [ps], E=1.000 [MeV]
OPAL-X{0}> * Wrote beam statistics.
OPAL-X{0}> no solver avaidable 
OPAL-X{0}> * 17:18:12 Step     24 at 70.532 [mm], t= 250.000 [ps], E=1.000 [MeV]
OPAL-X{0}> * Wrote beam statistics.
OPAL-X{0}> no solver avaidable 
OPAL-X{0}> * 17:18:12 Step     25 at 73.353 [mm], t= 260.000 [ps], E=1.000 [MeV]
OPAL-X{0}> * Wrote beam statistics.
OPAL-X{0}> no solver avaidable 
OPAL-X{0}> * 17:18:13 Step     26 at 76.175 [mm], t= 270.000 [ps], E=1.000 [MeV]
OPAL-X{0}> * Wrote beam statistics.
OPAL-X{0}> no solver avaidable 
OPAL-X{0}> * 17:18:13 Step     27 at 78.996 [mm], t= 280.000 [ps], E=1.000 [MeV]
OPAL-X{0}> * Wrote beam statistics.
OPAL-X{0}> no solver avaidable 
OPAL-X{0}> * 17:18:14 Step     28 at 81.817 [mm], t= 290.000 [ps], E=1.000 [MeV]
OPAL-X{0}> * Wrote beam statistics.
OPAL-X{0}> no solver avaidable 
OPAL-X{0}> * 17:18:14 Step     29 at 84.639 [mm], t= 300.000 [ps], E=1.000 [MeV]
OPAL-X{0}> * Wrote beam statistics.
OPAL-X{0}> no solver avaidable 
OPAL-X{0}> * 17:18:15 Step     30 at 87.460 [mm], t= 310.000 [ps], E=1.000 [MeV]
OPAL-X{0}> * Wrote beam statistics.
OPAL-X{0}> no solver avaidable 
OPAL-X{0}> * 17:18:15 Step     31 at 90.281 [mm], t= 320.000 [ps], E=1.000 [MeV]
OPAL-X{0}> * Wrote beam statistics.
OPAL-X{0}> no solver avaidable 
OPAL-X{0}> * 17:18:15 Step     32 at 93.102 [mm], t= 330.000 [ps], E=1.000 [MeV]
OPAL-X{0}> * Wrote beam statistics.
OPAL-X{0}> no solver avaidable 
OPAL-X{0}> * 17:18:16 Step     33 at 95.924 [mm], t= 340.000 [ps], E=1.000 [MeV]
OPAL-X{0}> * Wrote beam statistics.
OPAL-X{0}> no solver avaidable 
OPAL-X{0}> * 17:18:16 Step     34 at 98.745 [mm], t= 350.000 [ps], E=1.000 [MeV]
OPAL-X{0}> * Wrote beam statistics.
OPAL-X{0}> no solver avaidable 
OPAL-X{0}> * 17:18:17 Step     35 at 101.566 [mm], t= 360.000 [ps], E=1.000 [MeV]
OPAL-X{0}> * Wrote beam statistics.
OPAL-X{0}> no solver avaidable 
OPAL-X{0}> * 17:18:17 Step     36 at 104.388 [mm], t= 370.000 [ps], E=1.000 [MeV]
OPAL-X{0}> * Wrote beam statistics.
OPAL-X{0}> no solver avaidable 
OPAL-X{0}> * 17:18:18 Step     37 at 107.209 [mm], t= 380.000 [ps], E=1.000 [MeV]
OPAL-X{0}> * Wrote beam statistics.
OPAL-X{0}> no solver avaidable 
OPAL-X{0}> * 17:18:18 Step     38 at 110.030 [mm], t= 390.000 [ps], E=1.000 [MeV]
OPAL-X{0}> * Wrote beam statistics.
OPAL-X{0}> no solver avaidable 
OPAL-X{0}> * 17:18:19 Step     39 at 112.851 [mm], t= 400.000 [ps], E=1.000 [MeV]
OPAL-X{0}> * Wrote beam statistics.
OPAL-X{0}> no solver avaidable 
OPAL-X{0}> * 17:18:19 Step     40 at 115.673 [mm], t= 410.000 [ps], E=1.000 [MeV]
OPAL-X{0}> * Wrote beam statistics.
OPAL-X{0}> no solver avaidable 
OPAL-X{0}> * 17:18:20 Step     41 at 118.494 [mm], t= 420.000 [ps], E=1.000 [MeV]
OPAL-X{0}> * Wrote beam statistics.
OPAL-X{0}> no solver avaidable 
OPAL-X{0}> * 17:18:20 Step     42 at 121.315 [mm], t= 430.000 [ps], E=1.000 [MeV]
OPAL-X{0}> * Wrote beam statistics.
OPAL-X{0}> no solver avaidable 
OPAL-X{0}> * 17:18:21 Step     43 at 124.137 [mm], t= 440.000 [ps], E=1.000 [MeV]
OPAL-X{0}> * Wrote beam statistics.
OPAL-X{0}> no solver avaidable 
OPAL-X{0}> * 17:18:21 Step     44 at 126.958 [mm], t= 450.000 [ps], E=1.000 [MeV]
OPAL-X{0}> * Wrote beam statistics.
OPAL-X{0}> no solver avaidable 
OPAL-X{0}> * 17:18:21 Step     45 at 129.779 [mm], t= 460.000 [ps], E=1.000 [MeV]
OPAL-X{0}> * Wrote beam statistics.
OPAL-X{0}> no solver avaidable 
OPAL-X{0}> * 17:18:22 Step     46 at 132.600 [mm], t= 470.000 [ps], E=1.000 [MeV]
OPAL-X{0}> * Wrote beam statistics.
OPAL-X{0}> no solver avaidable 
OPAL-X{0}> * 17:18:22 Step     47 at 135.422 [mm], t= 480.000 [ps], E=1.000 [MeV]
OPAL-X{0}> * Wrote beam statistics.
OPAL-X{0}> no solver avaidable 
OPAL-X{0}> * 17:18:23 Step     48 at 138.243 [mm], t= 490.000 [ps], E=1.000 [MeV]
OPAL-X{0}> * Wrote beam statistics.
OPAL-X{0}> no solver avaidable 
OPAL-X{0}> * 17:18:23 Step     49 at 141.064 [mm], t= 500.000 [ps], E=1.000 [MeV]
OPAL-X{0}> * Wrote beam statistics.
OPAL-X{0}> no solver avaidable 
OPAL-X{0}> * 17:18:24 Step     50 at 143.886 [mm], t= 510.000 [ps], E=1.000 [MeV]
OPAL-X{0}> * Wrote beam statistics.
OPAL-X{0}> no solver avaidable 
OPAL-X{0}> * 17:18:24 Step     51 at 146.707 [mm], t= 520.000 [ps], E=1.000 [MeV]
OPAL-X{0}> * Wrote beam statistics.
OPAL-X{0}> no solver avaidable 
OPAL-X{0}> * 17:18:25 Step     52 at 149.528 [mm], t= 530.000 [ps], E=1.000 [MeV]
OPAL-X{0}> * Wrote beam statistics.
OPAL-X{0}> no solver avaidable 
OPAL-X{0}> * 17:18:25 Step     53 at 152.349 [mm], t= 540.000 [ps], E=1.000 [MeV]
OPAL-X{0}> * Wrote beam statistics.
OPAL-X{0}> no solver avaidable 
OPAL-X{0}> * 17:18:26 Step     54 at 155.171 [mm], t= 550.000 [ps], E=1.000 [MeV]
OPAL-X{0}> * Wrote beam statistics.
OPAL-X{0}> no solver avaidable 
OPAL-X{0}> * 17:18:26 Step     55 at 157.992 [mm], t= 560.000 [ps], E=1.000 [MeV]
OPAL-X{0}> * Wrote beam statistics.
OPAL-X{0}> no solver avaidable 
OPAL-X{0}> * 17:18:27 Step     56 at 160.813 [mm], t= 570.000 [ps], E=1.000 [MeV]
OPAL-X{0}> * Wrote beam statistics.
OPAL-X{0}> no solver avaidable 
OPAL-X{0}> * 17:18:27 Step     57 at 163.635 [mm], t= 580.000 [ps], E=1.000 [MeV]
OPAL-X{0}> * Wrote beam statistics.
OPAL-X{0}> no solver avaidable 
OPAL-X{0}> * 17:18:27 Step     58 at 166.456 [mm], t= 590.000 [ps], E=1.000 [MeV]
OPAL-X{0}> * Wrote beam statistics.
OPAL-X{0}> no solver avaidable 
OPAL-X{0}> * 17:18:28 Step     59 at 169.277 [mm], t= 600.000 [ps], E=1.000 [MeV]
OPAL-X{0}> * Wrote beam statistics.
OPAL-X{0}> no solver avaidable 
OPAL-X{0}> * 17:18:28 Step     60 at 172.098 [mm], t= 610.000 [ps], E=1.000 [MeV]
OPAL-X{0}> * Wrote beam statistics.
OPAL-X{0}> no solver avaidable 
OPAL-X{0}> * 17:18:29 Step     61 at 174.920 [mm], t= 620.000 [ps], E=1.000 [MeV]
OPAL-X{0}> * Wrote beam statistics.
OPAL-X{0}> no solver avaidable 
OPAL-X{0}> * 17:18:29 Step     62 at 177.741 [mm], t= 630.000 [ps], E=1.000 [MeV]
OPAL-X{0}> * Wrote beam statistics.
OPAL-X{0}> no solver avaidable 
OPAL-X{0}> * 17:18:30 Step     63 at 180.562 [mm], t= 640.000 [ps], E=1.000 [MeV]
OPAL-X{0}> * Wrote beam statistics.
OPAL-X{0}> no solver avaidable 
OPAL-X{0}> * 17:18:30 Step     64 at 183.383 [mm], t= 650.000 [ps], E=1.000 [MeV]
OPAL-X{0}> * Wrote beam statistics.
OPAL-X{0}> no solver avaidable 
OPAL-X{0}> * 17:18:31 Step     65 at 186.205 [mm], t= 660.000 [ps], E=1.000 [MeV]
OPAL-X{0}> * Wrote beam statistics.
OPAL-X{0}> no solver avaidable 
OPAL-X{0}> * 17:18:31 Step     66 at 189.026 [mm], t= 670.000 [ps], E=1.000 [MeV]
OPAL-X{0}> * Wrote beam statistics.
OPAL-X{0}> no solver avaidable 
OPAL-X{0}> * 17:18:32 Step     67 at 191.847 [mm], t= 680.000 [ps], E=1.000 [MeV]
OPAL-X{0}> * Wrote beam statistics.
OPAL-X{0}> no solver avaidable 
OPAL-X{0}> * 17:18:32 Step     68 at 194.669 [mm], t= 690.000 [ps], E=1.000 [MeV]
OPAL-X{0}> * Wrote beam statistics.
OPAL-X{0}> no solver avaidable 
OPAL-X{0}> * 17:18:33 Step     69 at 197.490 [mm], t= 700.000 [ps], E=1.000 [MeV]
OPAL-X{0}> * Wrote beam statistics.
OPAL-X{0}> no solver avaidable 
OPAL-X{0}> * 17:18:33 Step     70 at 200.311 [mm], t= 710.000 [ps], E=1.000 [MeV]
OPAL-X{0}> * Wrote beam statistics.
OPAL-X{0}> no solver avaidable 
OPAL-X{0}> * 17:18:34 Step     71 at 203.132 [mm], t= 720.000 [ps], E=1.000 [MeV]
OPAL-X{0}> * Wrote beam statistics.
OPAL-X{0}> no solver avaidable 
OPAL-X{0}> * 17:18:34 Step     72 at 205.954 [mm], t= 730.000 [ps], E=1.000 [MeV]
OPAL-X{0}> * Wrote beam statistics.
OPAL-X{0}> no solver avaidable 
OPAL-X{0}> * 17:18:35 Step     73 at 208.775 [mm], t= 740.000 [ps], E=1.000 [MeV]
OPAL-X{0}> * Wrote beam statistics.
OPAL-X{0}> no solver avaidable 
OPAL-X{0}> * 17:18:35 Step     74 at 211.596 [mm], t= 750.000 [ps], E=1.000 [MeV]
OPAL-X{0}> * Wrote beam statistics.
OPAL-X{0}> no solver avaidable 
OPAL-X{0}> * 17:18:35 Step     75 at 214.418 [mm], t= 760.000 [ps], E=1.000 [MeV]
OPAL-X{0}> * Wrote beam statistics.
OPAL-X{0}> no solver avaidable 
OPAL-X{0}> * 17:18:36 Step     76 at 217.239 [mm], t= 770.000 [ps], E=1.000 [MeV]
OPAL-X{0}> * Wrote beam statistics.
OPAL-X{0}> no solver avaidable 
OPAL-X{0}> * 17:18:36 Step     77 at 220.060 [mm], t= 780.000 [ps], E=1.000 [MeV]
OPAL-X{0}> * Wrote beam statistics.
OPAL-X{0}> no solver avaidable 
OPAL-X{0}> * 17:18:37 Step     78 at 222.881 [mm], t= 790.000 [ps], E=1.000 [MeV]
OPAL-X{0}> * Wrote beam statistics.
OPAL-X{0}> no solver avaidable 
OPAL-X{0}> * 17:18:37 Step     79 at 225.703 [mm], t= 800.000 [ps], E=1.000 [MeV]
OPAL-X{0}> * Wrote beam statistics.
OPAL-X{0}> no solver avaidable 
OPAL-X{0}> * 17:18:38 Step     80 at 228.524 [mm], t= 810.000 [ps], E=1.000 [MeV]
OPAL-X{0}> * Wrote beam statistics.
OPAL-X{0}> no solver avaidable 
OPAL-X{0}> * 17:18:38 Step     81 at 231.345 [mm], t= 820.000 [ps], E=1.000 [MeV]
OPAL-X{0}> * Wrote beam statistics.
OPAL-X{0}> no solver avaidable 
OPAL-X{0}> * 17:18:39 Step     82 at 234.167 [mm], t= 830.000 [ps], E=1.000 [MeV]
OPAL-X{0}> * Wrote beam statistics.
OPAL-X{0}> no solver avaidable 
OPAL-X{0}> * 17:18:39 Step     83 at 236.988 [mm], t= 840.000 [ps], E=1.000 [MeV]
OPAL-X{0}> * Wrote beam statistics.
OPAL-X{0}> no solver avaidable 
OPAL-X{0}> * 17:18:40 Step     84 at 239.809 [mm], t= 850.000 [ps], E=1.000 [MeV]
OPAL-X{0}> * Wrote beam statistics.
OPAL-X{0}> no solver avaidable 
OPAL-X{0}> * 17:18:40 Step     85 at 242.630 [mm], t= 860.000 [ps], E=1.000 [MeV]
OPAL-X{0}> * Wrote beam statistics.
OPAL-X{0}> no solver avaidable 
OPAL-X{0}> * 17:18:41 Step     86 at 245.452 [mm], t= 870.000 [ps], E=1.000 [MeV]
OPAL-X{0}> * Wrote beam statistics.
OPAL-X{0}> no solver avaidable 
OPAL-X{0}> * 17:18:41 Step     87 at 248.273 [mm], t= 880.000 [ps], E=1.000 [MeV]
OPAL-X{0}> * Wrote beam statistics.
OPAL-X{0}> no solver avaidable 
OPAL-X{0}> * 17:18:41 Step     88 at 251.094 [mm], t= 890.000 [ps], E=1.000 [MeV]
OPAL-X{0}> * Wrote beam statistics.
OPAL-X{0}> no solver avaidable 
OPAL-X{0}> * 17:18:42 Step     89 at 253.916 [mm], t= 900.000 [ps], E=1.000 [MeV]
OPAL-X{0}> * Wrote beam statistics.
OPAL-X{0}> no solver avaidable 
OPAL-X{0}> * 17:18:42 Step     90 at 256.737 [mm], t= 910.000 [ps], E=1.000 [MeV]
OPAL-X{0}> * Wrote beam statistics.
OPAL-X{0}> no solver avaidable 
OPAL-X{0}> * 17:18:43 Step     91 at 259.558 [mm], t= 920.000 [ps], E=1.000 [MeV]
OPAL-X{0}> * Wrote beam statistics.
OPAL-X{0}> no solver avaidable 
OPAL-X{0}> * 17:18:43 Step     92 at 262.379 [mm], t= 930.000 [ps], E=1.000 [MeV]
OPAL-X{0}> * Wrote beam statistics.
OPAL-X{0}> no solver avaidable 
OPAL-X{0}> * 17:18:44 Step     93 at 265.201 [mm], t= 940.000 [ps], E=1.000 [MeV]
OPAL-X{0}> * Wrote beam statistics.
OPAL-X{0}> no solver avaidable 
OPAL-X{0}> * 17:18:44 Step     94 at 268.022 [mm], t= 950.000 [ps], E=1.000 [MeV]
OPAL-X{0}> * Wrote beam statistics.
OPAL-X{0}> no solver avaidable 
OPAL-X{0}> * 17:18:45 Step     95 at 270.843 [mm], t= 960.000 [ps], E=1.000 [MeV]
OPAL-X{0}> * Wrote beam statistics.
OPAL-X{0}> no solver avaidable 
OPAL-X{0}> * 17:18:45 Step     96 at 273.665 [mm], t= 970.000 [ps], E=1.000 [MeV]
OPAL-X{0}> * Wrote beam statistics.
OPAL-X{0}> no solver avaidable 
OPAL-X{0}> * 17:18:46 Step     97 at 276.486 [mm], t= 980.000 [ps], E=1.000 [MeV]
OPAL-X{0}> * Wrote beam statistics.
OPAL-X{0}> no solver avaidable 
OPAL-X{0}> * 17:18:46 Step     98 at 279.307 [mm], t= 990.000 [ps], E=1.000 [MeV]
OPAL-X{0}> * Wrote beam statistics.
OPAL-X{0}> no solver avaidable 
OPAL-X{0}> * 17:18:46 Step     99 at 282.128 [mm], t= 1000.000 [ps], E=1.000 [MeV]
OPAL-X{0}> * Wrote beam statistics.
OPAL-X{0}> no solver avaidable 
OPAL-X{0}> * 17:18:47 Step    100 at 284.950 [mm], t= 1.010 [ns], E=1.000 [MeV]
OPAL-X{0}> * Wrote beam statistics.
OPAL-X{0}> no solver avaidable 
OPAL-X{0}> * 17:18:47 Step    101 at 287.771 [mm], t= 1.020 [ns], E=1.000 [MeV]
OPAL-X{0}> * Wrote beam statistics.
OPAL-X{0}> no solver avaidable 
OPAL-X{0}> * 17:18:48 Step    102 at 290.592 [mm], t= 1.030 [ns], E=1.000 [MeV]
OPAL-X{0}> * Wrote beam statistics.
OPAL-X{0}> no solver avaidable 
OPAL-X{0}> * 17:18:48 Step    103 at 293.414 [mm], t= 1.040 [ns], E=1.000 [MeV]
OPAL-X{0}> * Wrote beam statistics.
OPAL-X{0}> no solver avaidable 
OPAL-X{0}> * 17:18:49 Step    104 at 296.235 [mm], t= 1.050 [ns], E=1.000 [MeV]
OPAL-X{0}> * Wrote beam statistics.
OPAL-X{0}> no solver avaidable 
OPAL-X{0}> * 17:18:49 Step    105 at 299.056 [mm], t= 1.060 [ns], E=1.000 [MeV]
OPAL-X{0}> * Wrote beam statistics.
OPAL-X{0}> no solver avaidable 
OPAL-X{0}> * 17:18:50 Step    106 at 301.877 [mm], t= 1.070 [ns], E=1.000 [MeV]
OPAL-X{0}> * Wrote beam statistics.
OPAL-X{0}> no solver avaidable 
OPAL-X{0}> * 17:18:50 Step    107 at 304.699 [mm], t= 1.080 [ns], E=1.000 [MeV]
OPAL-X{0}> * Wrote beam statistics.
OPAL-X{0}> no solver avaidable 
OPAL-X{0}> * 17:18:51 Step    108 at 307.520 [mm], t= 1.090 [ns], E=1.000 [MeV]
OPAL-X{0}> * Wrote beam statistics.
OPAL-X{0}> no solver avaidable 
OPAL-X{0}> * 17:18:51 Step    109 at 310.341 [mm], t= 1.100 [ns], E=1.000 [MeV]
OPAL-X{0}> * Wrote beam statistics.
OPAL-X{0}> no solver avaidable 
OPAL-X{0}> * 17:18:52 Step    110 at 313.163 [mm], t= 1.110 [ns], E=1.000 [MeV]
OPAL-X{0}> * Wrote beam statistics.
OPAL-X{0}> no solver avaidable 
OPAL-X{0}> * 17:18:52 Step    111 at 315.984 [mm], t= 1.120 [ns], E=1.000 [MeV]
OPAL-X{0}> * Wrote beam statistics.
OPAL-X{0}> no solver avaidable 
OPAL-X{0}> * 17:18:52 Step    112 at 318.805 [mm], t= 1.130 [ns], E=1.000 [MeV]
OPAL-X{0}> * Wrote beam statistics.
OPAL-X{0}> no solver avaidable 
OPAL-X{0}> * 17:18:53 Step    113 at 321.626 [mm], t= 1.140 [ns], E=1.000 [MeV]
OPAL-X{0}> * Wrote beam statistics.
OPAL-X{0}> no solver avaidable 
OPAL-X{0}> * 17:18:53 Step    114 at 324.448 [mm], t= 1.150 [ns], E=1.000 [MeV]
OPAL-X{0}> * Wrote beam statistics.
OPAL-X{0}> no solver avaidable 
OPAL-X{0}> * 17:18:54 Step    115 at 327.269 [mm], t= 1.160 [ns], E=1.000 [MeV]
OPAL-X{0}> * Wrote beam statistics.
OPAL-X{0}> no solver avaidable 
OPAL-X{0}> * 17:18:54 Step    116 at 330.090 [mm], t= 1.170 [ns], E=1.000 [MeV]
OPAL-X{0}> * Wrote beam statistics.
OPAL-X{0}> no solver avaidable 
OPAL-X{0}> * 17:18:55 Step    117 at 332.912 [mm], t= 1.180 [ns], E=1.000 [MeV]
OPAL-X{0}> * Wrote beam statistics.
OPAL-X{0}> no solver avaidable 
OPAL-X{0}> * 17:18:55 Step    118 at 335.733 [mm], t= 1.190 [ns], E=1.000 [MeV]
OPAL-X{0}> * Wrote beam statistics.
OPAL-X{0}> no solver avaidable 
OPAL-X{0}> * 17:18:56 Step    119 at 338.554 [mm], t= 1.200 [ns], E=1.000 [MeV]
OPAL-X{0}> * Wrote beam statistics.
OPAL-X{0}> no solver avaidable 
OPAL-X{0}> * 17:18:56 Step    120 at 341.375 [mm], t= 1.210 [ns], E=1.000 [MeV]
OPAL-X{0}> * Wrote beam statistics.
OPAL-X{0}> no solver avaidable 
OPAL-X{0}> * 17:18:57 Step    121 at 344.197 [mm], t= 1.220 [ns], E=1.000 [MeV]
OPAL-X{0}> * Wrote beam statistics.
OPAL-X{0}> no solver avaidable 
OPAL-X{0}> * 17:18:57 Step    122 at 347.018 [mm], t= 1.230 [ns], E=1.000 [MeV]
OPAL-X{0}> * Wrote beam statistics.
OPAL-X{0}> no solver avaidable 
OPAL-X{0}> * 17:18:58 Step    123 at 349.839 [mm], t= 1.240 [ns], E=1.000 [MeV]
OPAL-X{0}> * Wrote beam statistics.
OPAL-X{0}> no solver avaidable 
OPAL-X{0}> * 17:18:58 Step    124 at 352.661 [mm], t= 1.250 [ns], E=1.000 [MeV]
OPAL-X{0}> * Wrote beam statistics.
OPAL-X{0}> no solver avaidable 
OPAL-X{0}> * 17:18:58 Step    125 at 355.482 [mm], t= 1.260 [ns], E=1.000 [MeV]
OPAL-X{0}> * Wrote beam statistics.
OPAL-X{0}> no solver avaidable 
OPAL-X{0}> * 17:18:59 Step    126 at 358.303 [mm], t= 1.270 [ns], E=1.000 [MeV]
OPAL-X{0}> * Wrote beam statistics.
OPAL-X{0}> no solver avaidable 
OPAL-X{0}> * 17:18:59 Step    127 at 361.124 [mm], t= 1.280 [ns], E=1.000 [MeV]
OPAL-X{0}> * Wrote beam statistics.
OPAL-X{0}> no solver avaidable 
OPAL-X{0}> * 17:19:00 Step    128 at 363.946 [mm], t= 1.290 [ns], E=1.000 [MeV]
OPAL-X{0}> * Wrote beam statistics.
OPAL-X{0}> no solver avaidable 
OPAL-X{0}> * 17:19:00 Step    129 at 366.767 [mm], t= 1.300 [ns], E=1.000 [MeV]
OPAL-X{0}> * Wrote beam statistics.
OPAL-X{0}> no solver avaidable 
OPAL-X{0}> * 17:19:01 Step    130 at 369.588 [mm], t= 1.310 [ns], E=1.000 [MeV]
OPAL-X{0}> * Wrote beam statistics.
OPAL-X{0}> no solver avaidable 
OPAL-X{0}> * 17:19:01 Step    131 at 372.410 [mm], t= 1.320 [ns], E=1.000 [MeV]
OPAL-X{0}> * Wrote beam statistics.
OPAL-X{0}> no solver avaidable 
OPAL-X{0}> * 17:19:02 Step    132 at 375.231 [mm], t= 1.330 [ns], E=1.000 [MeV]
OPAL-X{0}> * Wrote beam statistics.
OPAL-X{0}> no solver avaidable 
OPAL-X{0}> * 17:19:02 Step    133 at 378.052 [mm], t= 1.340 [ns], E=1.000 [MeV]
OPAL-X{0}> * Wrote beam statistics.
OPAL-X{0}> no solver avaidable 
OPAL-X{0}> * 17:19:03 Step    134 at 380.873 [mm], t= 1.350 [ns], E=1.000 [MeV]
OPAL-X{0}> * Wrote beam statistics.
OPAL-X{0}> no solver avaidable 
OPAL-X{0}> * 17:19:03 Step    135 at 383.695 [mm], t= 1.360 [ns], E=1.000 [MeV]
OPAL-X{0}> * Wrote beam statistics.
OPAL-X{0}> no solver avaidable 
OPAL-X{0}> * 17:19:03 Step    136 at 386.516 [mm], t= 1.370 [ns], E=1.000 [MeV]
OPAL-X{0}> * Wrote beam statistics.
OPAL-X{0}> no solver avaidable 
OPAL-X{0}> * 17:19:04 Step    137 at 389.337 [mm], t= 1.380 [ns], E=1.000 [MeV]
OPAL-X{0}> * Wrote beam statistics.
OPAL-X{0}> no solver avaidable 
OPAL-X{0}> * 17:19:04 Step    138 at 392.159 [mm], t= 1.390 [ns], E=1.000 [MeV]
OPAL-X{0}> * Wrote beam statistics.
OPAL-X{0}> no solver avaidable 
OPAL-X{0}> * 17:19:05 Step    139 at 394.980 [mm], t= 1.400 [ns], E=1.000 [MeV]
OPAL-X{0}> * Wrote beam statistics.
OPAL-X{0}> no solver avaidable 
OPAL-X{0}> * 17:19:05 Step    140 at 397.801 [mm], t= 1.410 [ns], E=1.000 [MeV]
OPAL-X{0}> * Wrote beam statistics.
OPAL-X{0}> no solver avaidable 
OPAL-X{0}> * 17:19:06 Step    141 at 400.622 [mm], t= 1.420 [ns], E=1.000 [MeV]
OPAL-X{0}> * Wrote beam statistics.
OPAL-X{0}> no solver avaidable 
OPAL-X{0}> * 17:19:06 Step    142 at 403.444 [mm], t= 1.430 [ns], E=1.000 [MeV]
OPAL-X{0}> * Wrote beam statistics.
OPAL-X{0}> no solver avaidable 
OPAL-X{0}> * 17:19:07 Step    143 at 406.265 [mm], t= 1.440 [ns], E=1.000 [MeV]
OPAL-X{0}> * Wrote beam statistics.
OPAL-X{0}> no solver avaidable 
OPAL-X{0}> * 17:19:07 Step    144 at 409.086 [mm], t= 1.450 [ns], E=1.000 [MeV]
OPAL-X{0}> * Wrote beam statistics.
OPAL-X{0}> no solver avaidable 
OPAL-X{0}> * 17:19:08 Step    145 at 411.908 [mm], t= 1.460 [ns], E=1.000 [MeV]
OPAL-X{0}> * Wrote beam statistics.
OPAL-X{0}> no solver avaidable 
OPAL-X{0}> * 17:19:08 Step    146 at 414.729 [mm], t= 1.470 [ns], E=1.000 [MeV]
OPAL-X{0}> * Wrote beam statistics.
OPAL-X{0}> no solver avaidable 
OPAL-X{0}> * 17:19:09 Step    147 at 417.550 [mm], t= 1.480 [ns], E=1.000 [MeV]
OPAL-X{0}> * Wrote beam statistics.
OPAL-X{0}> no solver avaidable 
OPAL-X{0}> * 17:19:09 Step    148 at 420.371 [mm], t= 1.490 [ns], E=1.000 [MeV]
OPAL-X{0}> * Wrote beam statistics.
OPAL-X{0}> no solver avaidable 
OPAL-X{0}> * 17:19:09 Step    149 at 423.193 [mm], t= 1.500 [ns], E=1.000 [MeV]
OPAL-X{0}> * Wrote beam statistics.
OPAL-X{0}> * Dump phase space of last step
OPAL-X{0}> * BF gone off
OPAL-X{0}> 
OPAL-X{0}> * Done executing ParallelTracker at 17:19:10
OPAL-X{0}> 
OPAL-X{0}> * Finished time step: 0 time: 0.000000e+00
OPAL-X{0}> * End of input stream 'template.in'
Timings{0}> ---------------------------------------------
Timings{0}>      Timing results for 4 nodes:
Timings{0}> ---------------------------------------------
Timings{0}> mainTimer........... Wall tot =    70.0865
Timings{0}> 
Timings{0}> gatherInfoPartBunch. Wall max =  0.0297846
Timings{0}>                      Wall avg =  0.0231117
Timings{0}>                      Wall min = 0.00635765
Timings{0}> 
Timings{0}> findInternal........ Wall max = 3.1321e-05
Timings{0}>                      Wall avg = 1.86595e-05
Timings{0}>                      Wall min =    3.9e-06
Timings{0}> 
Timings{0}> findPeriodic........ Wall max = 0.000115285
Timings{0}>                      Wall avg = 9.6252e-05
Timings{0}>                      Wall min = 8.4737e-05
Timings{0}> 
Timings{0}> setSolver........... Wall max = 0.000878433
Timings{0}>                      Wall avg = 0.00078601
Timings{0}>                      Wall min = 0.000677012
Timings{0}> 
Timings{0}> prerun.............. Wall max = 5.1689e-05
Timings{0}>                      Wall avg = 4.70558e-05
Timings{0}>                      Wall min = 4.4154e-05
Timings{0}> 
Timings{0}> samplingTime........ Wall max =  0.0386368
Timings{0}>                      Wall avg =  0.0372956
Timings{0}>                      Wall min =  0.0365248
Timings{0}> 
Timings{0}> SamplingTimer....... Wall max =  0.0385654
Timings{0}>                      Wall avg =  0.0372306
Timings{0}>                      Wall min =  0.0364613
Timings{0}> 
Timings{0}> GenParticles........ Wall max =  0.0385815
Timings{0}>                      Wall avg =  0.0372465
Timings{0}>                      Wall min =  0.0364767
Timings{0}> 
Timings{0}> particleBC.......... Wall max =   8.11e-07
Timings{0}>                      Wall avg = 7.9625e-07
Timings{0}>                      Wall min =   7.78e-07
Timings{0}> 
Timings{0}> updateParticle...... Wall max =   0.142817
Timings{0}>                      Wall avg =   0.125702
Timings{0}>                      Wall min =   0.091581
Timings{0}> 
Timings{0}> locateParticles..... Wall max =  0.0439664
Timings{0}>                      Wall avg =  0.0426599
Timings{0}>                      Wall min =  0.0408907
Timings{0}> 
Timings{0}> neighborSearch...... Wall max =  0.0278536
Timings{0}>                      Wall avg =  0.0271054
Timings{0}>                      Wall min =  0.0264782
Timings{0}> 
Timings{0}> nonNeighboringParti. Wall max = 0.00204637
Timings{0}>                      Wall avg = 0.00121114
Timings{0}>                      Wall min = 0.000371419
Timings{0}> 
Timings{0}> sendPreprocess...... Wall max = 0.00486821
Timings{0}>                      Wall avg = 0.00309942
Timings{0}>                      Wall min = 0.00179444
Timings{0}> 
Timings{0}> particleSend........ Wall max =  0.0683096
Timings{0}>                      Wall avg =  0.0410106
Timings{0}>                      Wall min =  0.0271924
Timings{0}> 
Timings{0}> particleDestroy..... Wall max = 0.00262438
Timings{0}>                      Wall avg = 0.00242982
Timings{0}>                      Wall min = 0.00207626
Timings{0}> 
Timings{0}> particleRecv........ Wall max =  0.0674347
Timings{0}>                      Wall avg =  0.0364709
Timings{0}>                      Wall min = 0.00955995
Timings{0}> 
Timings{0}> Write Stat.......... Wall max =  0.0376287
Timings{0}>                      Wall avg =  0.0374222
Timings{0}>                      Wall min =  0.0372018
Timings{0}> 
Timings{0}> Write H5-File....... Wall max =    25.3035
Timings{0}>                      Wall avg =    25.2767
Timings{0}>                      Wall min =    25.2529
Timings{0}> 
Timings{0}> TIntegration1....... Wall max =   0.694517
Timings{0}>                      Wall avg =   0.694481
Timings{0}>                      Wall min =   0.694399
Timings{0}> 
Timings{0}> TIntegration2....... Wall max =    10.5317
Timings{0}>                      Wall avg =    4.34932
Timings{0}>                      Wall min =    1.98228
Timings{0}> 
Timings{0}> External field eval. Wall max =    20.3482
Timings{0}>                      Wall avg =    15.8265
Timings{0}>                      Wall min =    11.1764
Timings{0}> 
Timings{0}> Binaryrepart........ Wall max =          0
Timings{0}>                      Wall avg =          0
Timings{0}>                      Wall min =          0
Timings{0}> 
Timings{0}> OrbThreader......... Wall max =  0.0082257
Timings{0}>                      Wall avg = 0.00593005
Timings{0}>                      Wall min = 0.00480839
Timings{0}> 
Timings{0}> ---------------------------------------------
