Warning: Option 'template.in' is not parsed by Ippl.
OPAL-X> configure done argc= 4
OPAL-X>               ____  _____        _       __   __
OPAL-X> 
OPAL-X> This is OPAL-X (Object Oriented Parallel Accelerator Library) Version 2024.1.00
OPAL-X>             git rev. 01389cb44db5c13da929eb3a3ae955738cb80a98
OPAL-X> 
OPAL-X> 
OPAL-X>                      (c) PSI, http://amas.web.psi.ch
OPAL-X> 
OPAL-X> 
OPAL-X> This is the performance portable version of OPAL
OPAL-X> 
OPAL-X> Please send cookies, goodies or other motivations (wine and beer ... ) 
OPAL-X> to the OPAL developers opal@lists.psi.ch
OPAL-X> 
OPAL-X> Time: 17:18:00 date: 19/06/2025
OPAL-X> 
OPAL-X> * Host:   OpenMP
OPAL-X> * Device: OpenMP
OPAL-X> 
OPAL-X> * Reading input stream 'template.in'
OPAL-X> 
OPAL-X> value: {EDES,P0,OPALVERSION} = {0.001, 0.00142197, 2.02401e+07}
OPAL-X> 
OPAL-X> * Number of distributions  1
OPAL-X> 
OPAL-X> * ************* D I S T R I B U T I O N ********************************************
OPAL-X> * 
OPAL-X> * Distribution type: GAUSS
OPAL-X> * 
OPAL-X> * SIGMAX     = 0.001 [m]
OPAL-X> * SIGMAY     = 0.001 [m]
OPAL-X> * SIGMAZ     = 0.001 [m]
OPAL-X> * SIGMAPX    = 0 [Beta Gamma]
OPAL-X> * SIGMAPY    = 0 [Beta Gamma]
OPAL-X> * SIGMAPZ    = 0 [Beta Gamma]
OPAL-X> * 
OPAL-X> * Distribution is injected.
OPAL-X> * 
OPAL-X> * **********************************************************************************
OPAL-X> 
OPAL-X> * ************* F I E L D S O L V E R ********************************************** 
OPAL-X> * FIELDSOLVER  FS1
OPAL-X> * TYPE         NONE
OPAL-X> * RANKS       1
OPAL-X> * NX           16
OPAL-X> * NY           16
OPAL-X> * NZ           16
OPAL-X> * BBOXINCR     1
OPAL-X> * GREENSF      INTEGRATED
OPAL-X> * XDIM         serial  
OPAL-X> * YDIM         serial  
OPAL-X> * ZDIM      parallel  
OPAL-X> * ********************************************************************************** 
OPAL-X> 
OPAL-X> * ************* B E A M ************************************************************ 
OPAL-X> * BEAM        BEAM1
OPAL-X> * PARTICLE    ELECTRON
OPAL-X> * REST MASS   0.000510999 [GeV]
OPAL-X> * CHARGE      -e * 1 
OPAL-X> * MOMENTUM    1.42197e+06 [eV/c]
OPAL-X> * MOMENTUM    0.00142197 [GeV/c]
OPAL-X> * CURRENT     1.3 [A]
OPAL-X> * FREQUENCY   1300 [MHz]
OPAL-X> * NPART       1e+06
OPAL-X> * ********************************************************************************** 
OPAL-X> 
OPAL-X> PartBunch Constructor
OPAL-X> * Solver and Load Balancer set
OPAL-X> number_of_processors 88
OPAL-X> MPI_Comm_size 1
OPAL-X> * About to create particles ...
OPAL-X> numParticles 1000000; nlocal1000000; ramian0
OPAL-X> Rview ( 0.000509675 , 0.000991943 , -0.000425172 )
OPAL-X> Rview ( 6.48011e-05 , -0.00220215 , 0.000475167 )
OPAL-X> Rview ( 4.41563e-05 , -0.000968982 , 0.000762979 )
OPAL-X> Rview ( -0.000641569 , -0.000784324 , -0.000736677 )
OPAL-X> Rview ( -0.000317159 , -0.000340574 , 0.00153244 )
OPAL-X> Rview ( -0.000464359 , 0.000750555 , 0.000329931 )
OPAL-X> Rview ( -0.000466215 , 0.000307481 , 0.00161053 )
OPAL-X> Rview ( -0.00030797 , -1.93178e-05 , -0.000759991 )
OPAL-X> Rview ( 0.00117848 , -0.000872554 , -0.00220694 )
OPAL-X> Rview ( -0.000575034 , 0.000652346 , 0.000188655 )
OPAL-X> Rview ( 0.00115825 , -6.46432e-06 , 0.00104015 )
OPAL-X> MeanR -7.97022e-07 2.04328e-06 8.67061e-07
OPAL-X> local -0.797022 2.04328 0.867061
OPAL-X> * Particle creation done
OPAL-X> 
OPAL-X> * ************** B U N C H ********************************************************* 
OPAL-X> * PARTICLES       = 1000000
OPAL-X> * CHARGE          = -1.000000e-09 (Cb) 
OPAL-X> * INTEGRATOR      = LF2
OPAL-X> * MIN R (origin)  = (     -2.99918 ,     -3.00197 ,     -3.00084 ) [mm]
OPAL-X> * MAX R (max ext) = (      3.00033 ,      2.99795 ,      2.99893 ) [mm]
OPAL-X> * RMS R           = (    987.45551 ,    987.37210 ,    986.04216 ) [um]
OPAL-X> * RMS P           = ( 0.000000e+00 , 0.000000e+00 , 1.214184e-11 ) [beta gamma]
OPAL-X> * Mean R: ( -1.376677e-20 , 6.217249e-21 , -3.785861e-20 ) [m]
OPAL-X> * Mean P: ( 0.000000e+00 , 0.000000e+00 , 2.782725e+00 ) [beta gamma]
OPAL-X> * MESH SPACING    = (    378.71864 ,    378.74461 ,    378.73562 ) [um]
OPAL-X> * COMPDOM INCR    = 1.000000e+00 (%) 
OPAL-X> * FIELD LAYOUT    = Domain = {[0:15:1],[0:15:1],[0:15:1]}
OPAL-X> Total number of boxes = 1
OPAL-X>     Box 0 {[0:15:1],[0:15:1],[0:15:1]}
OPAL-X> 
OPAL-X> * Centroid : 
OPAL-X> * -1.376677e-14 0.000000e+00 6.217249e-15 0.000000e+00 -3.785861e-14 2.782725e+06 
OPAL-X> * Cov Matrix : 
OPAL-X> * 9.750684e-07 0.000000e+00 3.035730e-09 0.000000e+00 -4.227539e-10 -1.935675e-31 
OPAL-X> * 0.000000e+00 0.000000e+00 0.000000e+00 0.000000e+00 0.000000e+00 0.000000e+00 
OPAL-X> * 3.035730e-09 0.000000e+00 9.749037e-07 0.000000e+00 -4.524284e-10 1.147067e-31 
OPAL-X> * 0.000000e+00 0.000000e+00 0.000000e+00 0.000000e+00 0.000000e+00 0.000000e+00 
OPAL-X> * -4.227539e-10 0.000000e+00 -4.524284e-10 0.000000e+00 9.722791e-07 -3.392733e-31 
OPAL-X> * -1.935675e-31 0.000000e+00 1.147067e-31 0.000000e+00 -3.392733e-31 1.474244e-22 
OPAL-X> * * ********************************************************************************** 
OPAL-X> * Creating new file for data: 'template.stat'
OPAL-X> * Creating new file for data: 'template.lbal'
OPAL-X> * BF gone live
OPAL-X> ParallelTrack: momentum=  2.78273
OPAL-X> itsBunch_m->RefPartR_m= ( -1.37668e-20 , 6.21725e-21 , -3.78586e-20 )
OPAL-X> itsBunch_m->RefPartP_m= ( 0 , 0 , 2.78273 )
OPAL-X> OrbitThreader dt_m= 1e-11
OPAL-X> OrbitThreader maxDistance= 1.79769e+308
OPAL-X> OrbitThreader #elements  = 1
OPAL-X> 
OPAL-X> * Size of map 1 sections 
OPAL-X> * Key: (0.000000 - 0.499367) number of overlapping elements 1
OPAL-X> *                            BF
OPAL-X> 
OPAL-X> * Creating new file for data: 'data/template_ElementPositions.sdds'
OPAL-X> * Track start at: 17:18:01, t= 0.000 [fs]; zstart at: 0.000 [um]
OPAL-X> * Executing ParallelTracker
OPAL-X> * Initial dt = 10.000 [ps]
OPAL-X> * Max integration steps = 150, next step = 0
OPAL-X> 
OPAL-X>                dt [ns]           zStop [m]        num Steps [1]
OPAL-X> ->         1.000000e-11        1.000000e+06                 150
OPAL-X> no solver avaidable 
OPAL-X> * 17:18:04 Step      0 at 2.821 [mm], t= 10.000 [ps], E=1.000 [MeV]
OPAL-X> * Wrote beam statistics.
OPAL-X> no solver avaidable 
OPAL-X> * 17:18:09 Step      1 at 5.643 [mm], t= 20.000 [ps], E=1.000 [MeV]
OPAL-X> * Wrote beam statistics.
OPAL-X> no solver avaidable 
OPAL-X> * 17:18:13 Step      2 at 8.464 [mm], t= 30.000 [ps], E=1.000 [MeV]
OPAL-X> * Wrote beam statistics.
OPAL-X> no solver avaidable 
OPAL-X> * 17:18:18 Step      3 at 11.285 [mm], t= 40.000 [ps], E=1.000 [MeV]
OPAL-X> * Wrote beam statistics.
OPAL-X> no solver avaidable 
OPAL-X> * 17:18:22 Step      4 at 14.106 [mm], t= 50.000 [ps], E=1.000 [MeV]
OPAL-X> * Wrote beam statistics.
OPAL-X> no solver avaidable 
OPAL-X> * 17:18:27 Step      5 at 16.928 [mm], t= 60.000 [ps], E=1.000 [MeV]
OPAL-X> * Wrote beam statistics.
OPAL-X> no solver avaidable 
OPAL-X> * 17:18:31 Step      6 at 19.749 [mm], t= 70.000 [ps], E=1.000 [MeV]
OPAL-X> * Wrote beam statistics.
OPAL-X> no solver avaidable 
OPAL-X> * 17:18:36 Step      7 at 22.570 [mm], t= 80.000 [ps], E=1.000 [MeV]
OPAL-X> * Wrote beam statistics.
OPAL-X> no solver avaidable 
OPAL-X> * 17:18:40 Step      8 at 25.392 [mm], t= 90.000 [ps], E=1.000 [MeV]
OPAL-X> * Wrote beam statistics.
OPAL-X> no solver avaidable 
OPAL-X> * 17:18:45 Step      9 at 28.213 [mm], t= 100.000 [ps], E=1.000 [MeV]
OPAL-X> * Wrote beam statistics.
OPAL-X> no solver avaidable 
OPAL-X> * 17:18:49 Step     10 at 31.034 [mm], t= 110.000 [ps], E=1.000 [MeV]
OPAL-X> * Wrote beam statistics.
OPAL-X> no solver avaidable 
OPAL-X> * 17:18:54 Step     11 at 33.855 [mm], t= 120.000 [ps], E=1.000 [MeV]
OPAL-X> * Wrote beam statistics.
OPAL-X> no solver avaidable 
OPAL-X> * 17:18:58 Step     12 at 36.677 [mm], t= 130.000 [ps], E=1.000 [MeV]
OPAL-X> * Wrote beam statistics.
OPAL-X> no solver avaidable 
OPAL-X> * 17:19:03 Step     13 at 39.498 [mm], t= 140.000 [ps], E=1.000 [MeV]
OPAL-X> * Wrote beam statistics.
OPAL-X> no solver avaidable 
OPAL-X> * 17:19:07 Step     14 at 42.319 [mm], t= 150.000 [ps], E=1.000 [MeV]
OPAL-X> * Wrote beam statistics.
OPAL-X> no solver avaidable 
OPAL-X> * 17:19:12 Step     15 at 45.141 [mm], t= 160.000 [ps], E=1.000 [MeV]
OPAL-X> * Wrote beam statistics.
OPAL-X> no solver avaidable 
OPAL-X> * 17:19:16 Step     16 at 47.962 [mm], t= 170.000 [ps], E=1.000 [MeV]
OPAL-X> * Wrote beam statistics.
OPAL-X> no solver avaidable 
OPAL-X> * 17:19:21 Step     17 at 50.783 [mm], t= 180.000 [ps], E=1.000 [MeV]
OPAL-X> * Wrote beam statistics.
OPAL-X> no solver avaidable 
OPAL-X> * 17:19:25 Step     18 at 53.604 [mm], t= 190.000 [ps], E=1.000 [MeV]
OPAL-X> * Wrote beam statistics.
OPAL-X> no solver avaidable 
OPAL-X> * 17:19:30 Step     19 at 56.426 [mm], t= 200.000 [ps], E=1.000 [MeV]
OPAL-X> * Wrote beam statistics.
OPAL-X> no solver avaidable 
OPAL-X> * 17:19:34 Step     20 at 59.247 [mm], t= 210.000 [ps], E=1.000 [MeV]
OPAL-X> * Wrote beam statistics.
OPAL-X> no solver avaidable 
OPAL-X> * 17:19:39 Step     21 at 62.068 [mm], t= 220.000 [ps], E=1.000 [MeV]
OPAL-X> * Wrote beam statistics.
OPAL-X> no solver avaidable 
OPAL-X> * 17:19:43 Step     22 at 64.890 [mm], t= 230.000 [ps], E=1.000 [MeV]
OPAL-X> * Wrote beam statistics.
OPAL-X> no solver avaidable 
OPAL-X> * 17:19:48 Step     23 at 67.711 [mm], t= 240.000 [ps], E=1.000 [MeV]
OPAL-X> * Wrote beam statistics.
OPAL-X> no solver avaidable 
OPAL-X> * 17:19:52 Step     24 at 70.532 [mm], t= 250.000 [ps], E=1.000 [MeV]
OPAL-X> * Wrote beam statistics.
OPAL-X> no solver avaidable 
OPAL-X> * 17:19:57 Step     25 at 73.353 [mm], t= 260.000 [ps], E=1.000 [MeV]
OPAL-X> * Wrote beam statistics.
OPAL-X> no solver avaidable 
OPAL-X> * 17:20:01 Step     26 at 76.175 [mm], t= 270.000 [ps], E=1.000 [MeV]
OPAL-X> * Wrote beam statistics.
OPAL-X> no solver avaidable 
OPAL-X> * 17:20:06 Step     27 at 78.996 [mm], t= 280.000 [ps], E=1.000 [MeV]
OPAL-X> * Wrote beam statistics.
OPAL-X> no solver avaidable 
OPAL-X> * 17:20:10 Step     28 at 81.817 [mm], t= 290.000 [ps], E=1.000 [MeV]
OPAL-X> * Wrote beam statistics.
OPAL-X> no solver avaidable 
OPAL-X> * 17:20:15 Step     29 at 84.639 [mm], t= 300.000 [ps], E=1.000 [MeV]
OPAL-X> * Wrote beam statistics.
OPAL-X> no solver avaidable 
OPAL-X> * 17:20:19 Step     30 at 87.460 [mm], t= 310.000 [ps], E=1.000 [MeV]
OPAL-X> * Wrote beam statistics.
OPAL-X> no solver avaidable 
OPAL-X> * 17:20:24 Step     31 at 90.281 [mm], t= 320.000 [ps], E=1.000 [MeV]
OPAL-X> * Wrote beam statistics.
OPAL-X> no solver avaidable 
OPAL-X> * 17:20:28 Step     32 at 93.102 [mm], t= 330.000 [ps], E=1.000 [MeV]
OPAL-X> * Wrote beam statistics.
OPAL-X> no solver avaidable 
OPAL-X> * 17:20:33 Step     33 at 95.924 [mm], t= 340.000 [ps], E=1.000 [MeV]
OPAL-X> * Wrote beam statistics.
OPAL-X> no solver avaidable 
OPAL-X> * 17:20:37 Step     34 at 98.745 [mm], t= 350.000 [ps], E=1.000 [MeV]
OPAL-X> * Wrote beam statistics.
OPAL-X> no solver avaidable 
OPAL-X> * 17:20:42 Step     35 at 101.566 [mm], t= 360.000 [ps], E=1.000 [MeV]
OPAL-X> * Wrote beam statistics.
OPAL-X> no solver avaidable 
OPAL-X> * 17:20:46 Step     36 at 104.388 [mm], t= 370.000 [ps], E=1.000 [MeV]
OPAL-X> * Wrote beam statistics.
OPAL-X> no solver avaidable 
OPAL-X> * 17:20:51 Step     37 at 107.209 [mm], t= 380.000 [ps], E=1.000 [MeV]
OPAL-X> * Wrote beam statistics.
OPAL-X> no solver avaidable 
OPAL-X> * 17:20:55 Step     38 at 110.030 [mm], t= 390.000 [ps], E=1.000 [MeV]
OPAL-X> * Wrote beam statistics.
OPAL-X> no solver avaidable 
OPAL-X> * 17:21:00 Step     39 at 112.851 [mm], t= 400.000 [ps], E=1.000 [MeV]
OPAL-X> * Wrote beam statistics.
OPAL-X> no solver avaidable 
OPAL-X> * 17:21:04 Step     40 at 115.673 [mm], t= 410.000 [ps], E=1.000 [MeV]
OPAL-X> * Wrote beam statistics.
OPAL-X> no solver avaidable 
OPAL-X> * 17:21:09 Step     41 at 118.494 [mm], t= 420.000 [ps], E=1.000 [MeV]
OPAL-X> * Wrote beam statistics.
OPAL-X> no solver avaidable 
OPAL-X> * 17:21:13 Step     42 at 121.315 [mm], t= 430.000 [ps], E=1.000 [MeV]
OPAL-X> * Wrote beam statistics.
OPAL-X> no solver avaidable 
OPAL-X> * 17:21:18 Step     43 at 124.137 [mm], t= 440.000 [ps], E=1.000 [MeV]
OPAL-X> * Wrote beam statistics.
OPAL-X> no solver avaidable 
OPAL-X> * 17:21:22 Step     44 at 126.958 [mm], t= 450.000 [ps], E=1.000 [MeV]
OPAL-X> * Wrote beam statistics.
OPAL-X> no solver avaidable 
OPAL-X> * 17:21:27 Step     45 at 129.779 [mm], t= 460.000 [ps], E=1.000 [MeV]
OPAL-X> * Wrote beam statistics.
OPAL-X> no solver avaidable 
OPAL-X> * 17:21:31 Step     46 at 132.600 [mm], t= 470.000 [ps], E=1.000 [MeV]
OPAL-X> * Wrote beam statistics.
OPAL-X> no solver avaidable 
OPAL-X> * 17:21:36 Step     47 at 135.422 [mm], t= 480.000 [ps], E=1.000 [MeV]
OPAL-X> * Wrote beam statistics.
OPAL-X> no solver avaidable 
OPAL-X> * 17:21:40 Step     48 at 138.243 [mm], t= 490.000 [ps], E=1.000 [MeV]
OPAL-X> * Wrote beam statistics.
OPAL-X> no solver avaidable 
OPAL-X> * 17:21:45 Step     49 at 141.064 [mm], t= 500.000 [ps], E=1.000 [MeV]
OPAL-X> * Wrote beam statistics.
OPAL-X> no solver avaidable 
OPAL-X> * 17:21:49 Step     50 at 143.886 [mm], t= 510.000 [ps], E=1.000 [MeV]
OPAL-X> * Wrote beam statistics.
OPAL-X> no solver avaidable 
OPAL-X> * 17:21:54 Step     51 at 146.707 [mm], t= 520.000 [ps], E=1.000 [MeV]
OPAL-X> * Wrote beam statistics.
OPAL-X> no solver avaidable 
OPAL-X> * 17:21:58 Step     52 at 149.528 [mm], t= 530.000 [ps], E=1.000 [MeV]
OPAL-X> * Wrote beam statistics.
OPAL-X> no solver avaidable 
OPAL-X> * 17:22:03 Step     53 at 152.349 [mm], t= 540.000 [ps], E=1.000 [MeV]
OPAL-X> * Wrote beam statistics.
OPAL-X> no solver avaidable 
OPAL-X> * 17:22:07 Step     54 at 155.171 [mm], t= 550.000 [ps], E=1.000 [MeV]
OPAL-X> * Wrote beam statistics.
OPAL-X> no solver avaidable 
OPAL-X> * 17:22:12 Step     55 at 157.992 [mm], t= 560.000 [ps], E=1.000 [MeV]
OPAL-X> * Wrote beam statistics.
OPAL-X> no solver avaidable 
OPAL-X> * 17:22:16 Step     56 at 160.813 [mm], t= 570.000 [ps], E=1.000 [MeV]
OPAL-X> * Wrote beam statistics.
OPAL-X> no solver avaidable 
OPAL-X> * 17:22:21 Step     57 at 163.635 [mm], t= 580.000 [ps], E=1.000 [MeV]
OPAL-X> * Wrote beam statistics.
OPAL-X> no solver avaidable 
OPAL-X> * 17:22:25 Step     58 at 166.456 [mm], t= 590.000 [ps], E=1.000 [MeV]
OPAL-X> * Wrote beam statistics.
OPAL-X> no solver avaidable 
OPAL-X> * 17:22:30 Step     59 at 169.277 [mm], t= 600.000 [ps], E=1.000 [MeV]
OPAL-X> * Wrote beam statistics.
OPAL-X> no solver avaidable 
OPAL-X> * 17:22:34 Step     60 at 172.098 [mm], t= 610.000 [ps], E=1.000 [MeV]
OPAL-X> * Wrote beam statistics.
OPAL-X> no solver avaidable 
OPAL-X> * 17:22:39 Step     61 at 174.920 [mm], t= 620.000 [ps], E=1.000 [MeV]
OPAL-X> * Wrote beam statistics.
OPAL-X> no solver avaidable 
OPAL-X> * 17:22:43 Step     62 at 177.741 [mm], t= 630.000 [ps], E=1.000 [MeV]
OPAL-X> * Wrote beam statistics.
OPAL-X> no solver avaidable 
OPAL-X> * 17:22:48 Step     63 at 180.562 [mm], t= 640.000 [ps], E=1.000 [MeV]
OPAL-X> * Wrote beam statistics.
OPAL-X> no solver avaidable 
OPAL-X> * 17:22:52 Step     64 at 183.383 [mm], t= 650.000 [ps], E=1.000 [MeV]
OPAL-X> * Wrote beam statistics.
OPAL-X> no solver avaidable 
OPAL-X> * 17:22:57 Step     65 at 186.205 [mm], t= 660.000 [ps], E=1.000 [MeV]
OPAL-X> * Wrote beam statistics.
OPAL-X> no solver avaidable 
OPAL-X> * 17:23:01 Step     66 at 189.026 [mm], t= 670.000 [ps], E=1.000 [MeV]
OPAL-X> * Wrote beam statistics.
OPAL-X> no solver avaidable 
OPAL-X> * 17:23:06 Step     67 at 191.847 [mm], t= 680.000 [ps], E=1.000 [MeV]
OPAL-X> * Wrote beam statistics.
OPAL-X> no solver avaidable 
OPAL-X> * 17:23:10 Step     68 at 194.669 [mm], t= 690.000 [ps], E=1.000 [MeV]
OPAL-X> * Wrote beam statistics.
OPAL-X> no solver avaidable 
OPAL-X> * 17:23:15 Step     69 at 197.490 [mm], t= 700.000 [ps], E=1.000 [MeV]
OPAL-X> * Wrote beam statistics.
OPAL-X> no solver avaidable 
OPAL-X> * 17:23:19 Step     70 at 200.311 [mm], t= 710.000 [ps], E=1.000 [MeV]
OPAL-X> * Wrote beam statistics.
OPAL-X> no solver avaidable 
OPAL-X> * 17:23:24 Step     71 at 203.132 [mm], t= 720.000 [ps], E=1.000 [MeV]
OPAL-X> * Wrote beam statistics.
OPAL-X> no solver avaidable 
OPAL-X> * 17:23:28 Step     72 at 205.954 [mm], t= 730.000 [ps], E=1.000 [MeV]
OPAL-X> * Wrote beam statistics.
OPAL-X> no solver avaidable 
OPAL-X> * 17:23:33 Step     73 at 208.775 [mm], t= 740.000 [ps], E=1.000 [MeV]
OPAL-X> * Wrote beam statistics.
OPAL-X> no solver avaidable 
OPAL-X> * 17:23:37 Step     74 at 211.596 [mm], t= 750.000 [ps], E=1.000 [MeV]
OPAL-X> * Wrote beam statistics.
OPAL-X> no solver avaidable 
OPAL-X> * 17:23:42 Step     75 at 214.418 [mm], t= 760.000 [ps], E=1.000 [MeV]
OPAL-X> * Wrote beam statistics.
OPAL-X> no solver avaidable 
OPAL-X> * 17:23:46 Step     76 at 217.239 [mm], t= 770.000 [ps], E=1.000 [MeV]
OPAL-X> * Wrote beam statistics.
OPAL-X> no solver avaidable 
OPAL-X> * 17:23:51 Step     77 at 220.060 [mm], t= 780.000 [ps], E=1.000 [MeV]
OPAL-X> * Wrote beam statistics.
OPAL-X> no solver avaidable 
OPAL-X> * 17:23:55 Step     78 at 222.881 [mm], t= 790.000 [ps], E=1.000 [MeV]
OPAL-X> * Wrote beam statistics.
OPAL-X> no solver avaidable 
OPAL-X> * 17:24:00 Step     79 at 225.703 [mm], t= 800.000 [ps], E=1.000 [MeV]
OPAL-X> * Wrote beam statistics.
OPAL-X> no solver avaidable 
OPAL-X> * 17:24:05 Step     80 at 228.524 [mm], t= 810.000 [ps], E=1.000 [MeV]
OPAL-X> * Wrote beam statistics.
OPAL-X> no solver avaidable 
OPAL-X> * 17:24:09 Step     81 at 231.345 [mm], t= 820.000 [ps], E=1.000 [MeV]
OPAL-X> * Wrote beam statistics.
OPAL-X> no solver avaidable 
OPAL-X> * 17:24:13 Step     82 at 234.167 [mm], t= 830.000 [ps], E=1.000 [MeV]
OPAL-X> * Wrote beam statistics.
OPAL-X> no solver avaidable 
OPAL-X> * 17:24:18 Step     83 at 236.988 [mm], t= 840.000 [ps], E=1.000 [MeV]
OPAL-X> * Wrote beam statistics.
OPAL-X> no solver avaidable 
OPAL-X> * 17:24:22 Step     84 at 239.809 [mm], t= 850.000 [ps], E=1.000 [MeV]
OPAL-X> * Wrote beam statistics.
OPAL-X> no solver avaidable 
OPAL-X> * 17:24:27 Step     85 at 242.630 [mm], t= 860.000 [ps], E=1.000 [MeV]
OPAL-X> * Wrote beam statistics.
OPAL-X> no solver avaidable 
OPAL-X> * 17:24:31 Step     86 at 245.452 [mm], t= 870.000 [ps], E=1.000 [MeV]
OPAL-X> * Wrote beam statistics.
OPAL-X> no solver avaidable 
OPAL-X> * 17:24:36 Step     87 at 248.273 [mm], t= 880.000 [ps], E=1.000 [MeV]
OPAL-X> * Wrote beam statistics.
OPAL-X> no solver avaidable 
OPAL-X> * 17:24:41 Step     88 at 251.094 [mm], t= 890.000 [ps], E=1.000 [MeV]
OPAL-X> * Wrote beam statistics.
OPAL-X> no solver avaidable 
OPAL-X> * 17:24:45 Step     89 at 253.916 [mm], t= 900.000 [ps], E=1.000 [MeV]
OPAL-X> * Wrote beam statistics.
OPAL-X> no solver avaidable 
OPAL-X> * 17:24:49 Step     90 at 256.737 [mm], t= 910.000 [ps], E=1.000 [MeV]
OPAL-X> * Wrote beam statistics.
OPAL-X> no solver avaidable 
OPAL-X> * 17:24:54 Step     91 at 259.558 [mm], t= 920.000 [ps], E=1.000 [MeV]
OPAL-X> * Wrote beam statistics.
OPAL-X> no solver avaidable 
OPAL-X> * 17:24:58 Step     92 at 262.379 [mm], t= 930.000 [ps], E=1.000 [MeV]
OPAL-X> * Wrote beam statistics.
OPAL-X> no solver avaidable 
OPAL-X> * 17:25:03 Step     93 at 265.201 [mm], t= 940.000 [ps], E=1.000 [MeV]
OPAL-X> * Wrote beam statistics.
OPAL-X> no solver avaidable 
OPAL-X> * 17:25:08 Step     94 at 268.022 [mm], t= 950.000 [ps], E=1.000 [MeV]
OPAL-X> * Wrote beam statistics.
OPAL-X> no solver avaidable 
OPAL-X> * 17:25:12 Step     95 at 270.843 [mm], t= 960.000 [ps], E=1.000 [MeV]
OPAL-X> * Wrote beam statistics.
OPAL-X> no solver avaidable 
OPAL-X> * 17:25:16 Step     96 at 273.665 [mm], t= 970.000 [ps], E=1.000 [MeV]
OPAL-X> * Wrote beam statistics.
OPAL-X> no solver avaidable 
OPAL-X> * 17:25:21 Step     97 at 276.486 [mm], t= 980.000 [ps], E=1.000 [MeV]
OPAL-X> * Wrote beam statistics.
OPAL-X> no solver avaidable 
OPAL-X> * 17:25:25 Step     98 at 279.307 [mm], t= 990.000 [ps], E=1.000 [MeV]
OPAL-X> * Wrote beam statistics.
OPAL-X> no solver avaidable 
OPAL-X> * 17:25:30 Step     99 at 282.128 [mm], t= 1000.000 [ps], E=1.000 [MeV]
OPAL-X> * Wrote beam statistics.
OPAL-X> no solver avaidable 
OPAL-X> * 17:25:34 Step    100 at 284.950 [mm], t= 1.010 [ns], E=1.000 [MeV]
OPAL-X> * Wrote beam statistics.
OPAL-X> no solver avaidable 
OPAL-X> * 17:25:39 Step    101 at 287.771 [mm], t= 1.020 [ns], E=1.000 [MeV]
OPAL-X> * Wrote beam statistics.
OPAL-X> no solver avaidable 
OPAL-X> * 17:25:43 Step    102 at 290.592 [mm], t= 1.030 [ns], E=1.000 [MeV]
OPAL-X> * Wrote beam statistics.
OPAL-X> no solver avaidable 
OPAL-X> * 17:25:48 Step    103 at 293.414 [mm], t= 1.040 [ns], E=1.000 [MeV]
OPAL-X> * Wrote beam statistics.
OPAL-X> no solver avaidable 
OPAL-X> * 17:25:52 Step    104 at 296.235 [mm], t= 1.050 [ns], E=1.000 [MeV]
OPAL-X> * Wrote beam statistics.
OPAL-X> no solver avaidable 
OPAL-X> * 17:25:57 Step    105 at 299.056 [mm], t= 1.060 [ns], E=1.000 [MeV]
OPAL-X> * Wrote beam statistics.
OPAL-X> no solver avaidable 
OPAL-X> * 17:26:01 Step    106 at 301.877 [mm], t= 1.070 [ns], E=1.000 [MeV]
OPAL-X> * Wrote beam statistics.
OPAL-X> no solver avaidable 
OPAL-X> * 17:26:06 Step    107 at 304.699 [mm], t= 1.080 [ns], E=1.000 [MeV]
OPAL-X> * Wrote beam statistics.
OPAL-X> no solver avaidable 
OPAL-X> * 17:26:10 Step    108 at 307.520 [mm], t= 1.090 [ns], E=1.000 [MeV]
OPAL-X> * Wrote beam statistics.
OPAL-X> no solver avaidable 
OPAL-X> * 17:26:15 Step    109 at 310.341 [mm], t= 1.100 [ns], E=1.000 [MeV]
OPAL-X> * Wrote beam statistics.
OPAL-X> no solver avaidable 
OPAL-X> * 17:26:19 Step    110 at 313.163 [mm], t= 1.110 [ns], E=1.000 [MeV]
OPAL-X> * Wrote beam statistics.
OPAL-X> no solver avaidable 
OPAL-X> * 17:26:24 Step    111 at 315.984 [mm], t= 1.120 [ns], E=1.000 [MeV]
OPAL-X> * Wrote beam statistics.
OPAL-X> no solver avaidable 
OPAL-X> * 17:26:28 Step    112 at 318.805 [mm], t= 1.130 [ns], E=1.000 [MeV]
OPAL-X> * Wrote beam statistics.
OPAL-X> no solver avaidable 
OPAL-X> * 17:26:33 Step    113 at 321.626 [mm], t= 1.140 [ns], E=1.000 [MeV]
OPAL-X> * Wrote beam statistics.
OPAL-X> no solver avaidable 
OPAL-X> * 17:26:37 Step    114 at 324.448 [mm], t= 1.150 [ns], E=1.000 [MeV]
OPAL-X> * Wrote beam statistics.
OPAL-X> no solver avaidable 
OPAL-X> * 17:26:42 Step    115 at 327.269 [mm], t= 1.160 [ns], E=1.000 [MeV]
OPAL-X> * Wrote beam statistics.
OPAL-X> no solver avaidable 
OPAL-X> * 17:26:47 Step    116 at 330.090 [mm], t= 1.170 [ns], E=1.000 [MeV]
OPAL-X> * Wrote beam statistics.
OPAL-X> no solver avaidable 
OPAL-X> * 17:26:51 Step    117 at 332.912 [mm], t= 1.180 [ns], E=1.000 [MeV]
OPAL-X> * Wrote beam statistics.
OPAL-X> no solver avaidable 
OPAL-X> * 17:26:55 Step    118 at 335.733 [mm], t= 1.190 [ns], E=1.000 [MeV]
OPAL-X> * Wrote beam statistics.
OPAL-X> no solver avaidable 
OPAL-X> * 17:27:00 Step    119 at 338.554 [mm], t= 1.200 [ns], E=1.000 [MeV]
OPAL-X> * Wrote beam statistics.
OPAL-X> no solver avaidable 
OPAL-X> * 17:27:04 Step    120 at 341.375 [mm], t= 1.210 [ns], E=1.000 [MeV]
OPAL-X> * Wrote beam statistics.
OPAL-X> no solver avaidable 
OPAL-X> * 17:27:09 Step    121 at 344.197 [mm], t= 1.220 [ns], E=1.000 [MeV]
OPAL-X> * Wrote beam statistics.
OPAL-X> no solver avaidable 
OPAL-X> * 17:27:13 Step    122 at 347.018 [mm], t= 1.230 [ns], E=1.000 [MeV]
OPAL-X> * Wrote beam statistics.
OPAL-X> no solver avaidable 
OPAL-X> * 17:27:18 Step    123 at 349.839 [mm], t= 1.240 [ns], E=1.000 [MeV]
OPAL-X> * Wrote beam statistics.
OPAL-X> no solver avaidable 
OPAL-X> * 17:27:22 Step    124 at 352.661 [mm], t= 1.250 [ns], E=1.000 [MeV]
OPAL-X> * Wrote beam statistics.
OPAL-X> no solver avaidable 
OPAL-X> * 17:27:27 Step    125 at 355.482 [mm], t= 1.260 [ns], E=1.000 [MeV]
OPAL-X> * Wrote beam statistics.
OPAL-X> no solver avaidable 
OPAL-X> * 17:27:31 Step    126 at 358.303 [mm], t= 1.270 [ns], E=1.000 [MeV]
OPAL-X> * Wrote beam statistics.
OPAL-X> no solver avaidable 
OPAL-X> * 17:27:36 Step    127 at 361.124 [mm], t= 1.280 [ns], E=1.000 [MeV]
OPAL-X> * Wrote beam statistics.
OPAL-X> no solver avaidable 
OPAL-X> * 17:27:40 Step    128 at 363.946 [mm], t= 1.290 [ns], E=1.000 [MeV]
OPAL-X> * Wrote beam statistics.
OPAL-X> no solver avaidable 
OPAL-X> * 17:27:45 Step    129 at 366.767 [mm], t= 1.300 [ns], E=1.000 [MeV]
OPAL-X> * Wrote beam statistics.
OPAL-X> no solver avaidable 
OPAL-X> * 17:27:49 Step    130 at 369.588 [mm], t= 1.310 [ns], E=1.000 [MeV]
OPAL-X> * Wrote beam statistics.
OPAL-X> no solver avaidable 
OPAL-X> * 17:27:54 Step    131 at 372.410 [mm], t= 1.320 [ns], E=1.000 [MeV]
OPAL-X> * Wrote beam statistics.
OPAL-X> no solver avaidable 
OPAL-X> * 17:27:58 Step    132 at 375.231 [mm], t= 1.330 [ns], E=1.000 [MeV]
OPAL-X> * Wrote beam statistics.
OPAL-X> no solver avaidable 
OPAL-X> * 17:28:03 Step    133 at 378.052 [mm], t= 1.340 [ns], E=1.000 [MeV]
OPAL-X> * Wrote beam statistics.
OPAL-X> no solver avaidable 
OPAL-X> * 17:28:07 Step    134 at 380.873 [mm], t= 1.350 [ns], E=1.000 [MeV]
OPAL-X> * Wrote beam statistics.
OPAL-X> no solver avaidable 
OPAL-X> * 17:28:12 Step    135 at 383.695 [mm], t= 1.360 [ns], E=1.000 [MeV]
OPAL-X> * Wrote beam statistics.
OPAL-X> no solver avaidable 
OPAL-X> * 17:28:16 Step    136 at 386.516 [mm], t= 1.370 [ns], E=1.000 [MeV]
OPAL-X> * Wrote beam statistics.
OPAL-X> no solver avaidable 
OPAL-X> * 17:28:21 Step    137 at 389.337 [mm], t= 1.380 [ns], E=1.000 [MeV]
OPAL-X> * Wrote beam statistics.
OPAL-X> no solver avaidable 
OPAL-X> * 17:28:25 Step    138 at 392.159 [mm], t= 1.390 [ns], E=1.000 [MeV]
OPAL-X> * Wrote beam statistics.
OPAL-X> no solver avaidable 
OPAL-X> * 17:28:30 Step    139 at 394.980 [mm], t= 1.400 [ns], E=1.000 [MeV]
OPAL-X> * Wrote beam statistics.
OPAL-X> no solver avaidable 
OPAL-X> * 17:28:34 Step    140 at 397.801 [mm], t= 1.410 [ns], E=1.000 [MeV]
OPAL-X> * Wrote beam statistics.
OPAL-X> no solver avaidable 
OPAL-X> * 17:28:39 Step    141 at 400.622 [mm], t= 1.420 [ns], E=1.000 [MeV]
OPAL-X> * Wrote beam statistics.
OPAL-X> no solver avaidable 
OPAL-X> * 17:28:43 Step    142 at 403.444 [mm], t= 1.430 [ns], E=1.000 [MeV]
OPAL-X> * Wrote beam statistics.
OPAL-X> no solver avaidable 
OPAL-X> * 17:28:48 Step    143 at 406.265 [mm], t= 1.440 [ns], E=1.000 [MeV]
OPAL-X> * Wrote beam statistics.
OPAL-X> no solver avaidable 
OPAL-X> * 17:28:52 Step    144 at 409.086 [mm], t= 1.450 [ns], E=1.000 [MeV]
OPAL-X> * Wrote beam statistics.
OPAL-X> no solver avaidable 
OPAL-X> * 17:28:57 Step    145 at 411.908 [mm], t= 1.460 [ns], E=1.000 [MeV]
OPAL-X> * Wrote beam statistics.
OPAL-X> no solver avaidable 
OPAL-X> * 17:29:01 Step    146 at 414.729 [mm], t= 1.470 [ns], E=1.000 [MeV]
OPAL-X> * Wrote beam statistics.
OPAL-X> no solver avaidable 
OPAL-X> * 17:29:06 Step    147 at 417.550 [mm], t= 1.480 [ns], E=1.000 [MeV]
OPAL-X> * Wrote beam statistics.
OPAL-X> no solver avaidable 
OPAL-X> * 17:29:10 Step    148 at 420.371 [mm], t= 1.490 [ns], E=1.000 [MeV]
OPAL-X> * Wrote beam statistics.
OPAL-X> no solver avaidable 
OPAL-X> * 17:29:15 Step    149 at 423.193 [mm], t= 1.500 [ns], E=1.000 [MeV]
OPAL-X> * Wrote beam statistics.
OPAL-X> * Dump phase space of last step
OPAL-X> * BF gone off
OPAL-X> 
OPAL-X> * Done executing ParallelTracker at 17:29:16
OPAL-X> 
OPAL-X> * Finished time step: 0 time: 0.000000e+00
OPAL-X> * End of input stream 'template.in'
Timings> ---------------------------------------------
Timings>      Timing results for 1 nodes:
Timings> ---------------------------------------------
Timings> mainTimer........... Wall tot =    676.582
Timings> 
Timings> gatherInfoPartBunch. Wall max = 0.00100996
Timings>                      Wall avg = 0.00100996
Timings>                      Wall min = 0.00100996
Timings> 
Timings> setSolver........... Wall max = 0.000473208
Timings>                      Wall avg = 0.000473208
Timings>                      Wall min = 0.000473208
Timings> 
Timings> prerun.............. Wall max = 0.00023668
Timings>                      Wall avg = 0.00023668
Timings>                      Wall min = 0.00023668
Timings> 
Timings> samplingTime........ Wall max =   0.683179
Timings>                      Wall avg =   0.683179
Timings>                      Wall min =   0.683179
Timings> 
Timings> SamplingTimer....... Wall max =   0.683101
Timings>                      Wall avg =   0.683101
Timings>                      Wall min =   0.683101
Timings> 
Timings> GenParticles........ Wall max =   0.683125
Timings>                      Wall avg =   0.683125
Timings>                      Wall min =   0.683125
Timings> 
Timings> particleBC.......... Wall max =   5.53e-07
Timings>                      Wall avg =   5.53e-07
Timings>                      Wall min =   5.53e-07
Timings> 
Timings> updateParticle...... Wall max =          0
Timings>                      Wall avg =          0
Timings>                      Wall min =          0
Timings> 
Timings> Write Stat.......... Wall max =  0.0467673
Timings>                      Wall avg =  0.0467673
Timings>                      Wall min =  0.0467673
Timings> 
Timings> Write H5-File....... Wall max =    100.094
Timings>                      Wall avg =    100.094
Timings>                      Wall min =    100.094
Timings> 
Timings> TIntegration1....... Wall max =     9.6873
Timings>                      Wall avg =     9.6873
Timings>                      Wall min =     9.6873
Timings> 
Timings> TIntegration2....... Wall max =    29.2167
Timings>                      Wall avg =    29.2167
Timings>                      Wall min =    29.2167
Timings> 
Timings> External field eval. Wall max =    235.874
Timings>                      Wall avg =    235.874
Timings>                      Wall min =    235.874
Timings> 
Timings> Binaryrepart........ Wall max =          0
Timings>                      Wall avg =          0
Timings>                      Wall min =          0
Timings> 
Timings> OrbThreader......... Wall max = 0.00740327
Timings>                      Wall avg = 0.00740327
Timings>                      Wall min = 0.00740327
Timings> 
Timings> ---------------------------------------------
