Warning: Option 'run1-1e7-3.in' is not parsed by Ippl.
OPAL-X> configure done argc= 4
OPAL-X>               ____  _____        _       __   __
OPAL-X> 
OPAL-X> This is OPAL-X (Object Oriented Parallel Accelerator Library) Version 2024.1.00
OPAL-X>             git rev. 01389cb44db5c13da929eb3a3ae955738cb80a98
OPAL-X> 
OPAL-X> 
OPAL-X>                      (c) PSI, http://amas.web.psi.ch
OPAL-X> 
OPAL-X> 
OPAL-X> This is the performance portable version of OPAL
OPAL-X> 
OPAL-X> Please send cookies, goodies or other motivations (wine and beer ... ) 
OPAL-X> to the OPAL developers opal@lists.psi.ch
OPAL-X> 
OPAL-X> Time: 17:01:04 date: 19/06/2025
OPAL-X> 
OPAL-X> * Host:   OpenMP
OPAL-X> * Device: OpenMP
OPAL-X> 
OPAL-X> * Reading input stream 'run1-1e7-3.in'
OPAL-X> 
OPAL-X> value: {EDES,P0,OPALVERSION} = {0.001, 0.00142197, 2.02401e+07}
OPAL-X> 
OPAL-X> * Number of distributions  1
OPAL-X> 
OPAL-X> * ************* D I S T R I B U T I O N ********************************************
OPAL-X> * 
OPAL-X> * Distribution type: GAUSS
OPAL-X> * 
OPAL-X> * SIGMAX     = 0.001 [m]
OPAL-X> * SIGMAY     = 0.001 [m]
OPAL-X> * SIGMAZ     = 0.001 [m]
OPAL-X> * SIGMAPX    = 0 [Beta Gamma]
OPAL-X> * SIGMAPY    = 0 [Beta Gamma]
OPAL-X> * SIGMAPZ    = 0 [Beta Gamma]
OPAL-X> * 
OPAL-X> * Distribution is injected.
OPAL-X> * 
OPAL-X> * **********************************************************************************
OPAL-X> 
OPAL-X> * ************* F I E L D S O L V E R ********************************************** 
OPAL-X> * FIELDSOLVER  FS1
OPAL-X> * TYPE         NONE
OPAL-X> * RANKS       1
OPAL-X> * NX           16
OPAL-X> * NY           16
OPAL-X> * NZ           16
OPAL-X> * BBOXINCR     1
OPAL-X> * GREENSF      INTEGRATED
OPAL-X> * XDIM         serial  
OPAL-X> * YDIM         serial  
OPAL-X> * ZDIM      parallel  
OPAL-X> * ********************************************************************************** 
OPAL-X> 
OPAL-X> * ************* B E A M ************************************************************ 
OPAL-X> * BEAM        BEAM1
OPAL-X> * PARTICLE    ELECTRON
OPAL-X> * REST MASS   0.000510999 [GeV]
OPAL-X> * CHARGE      -e * 1 
OPAL-X> * MOMENTUM    1.42197e+06 [eV/c]
OPAL-X> * MOMENTUM    0.00142197 [GeV/c]
OPAL-X> * CURRENT     1.3 [A]
OPAL-X> * FREQUENCY   1300 [MHz]
OPAL-X> * NPART       1e+07
OPAL-X> * ********************************************************************************** 
OPAL-X> 
OPAL-X> PartBunch Constructor
OPAL-X> * Solver and Load Balancer set
OPAL-X> number_of_processors 88
OPAL-X> MPI_Comm_size 1
OPAL-X> * About to create particles ...
OPAL-X> * Particle creation done
OPAL-X> 
OPAL-X> * ************** B U N C H ********************************************************* 
OPAL-X> * PARTICLES       = 10000000
OPAL-X> * CHARGE          = -1.000000e-09 (Cb) 
OPAL-X> * INTEGRATOR      = LF2
OPAL-X> * MIN R (origin)  = (     -3.00061 ,     -3.00016 ,     -2.99981 ) [mm]
OPAL-X> * MAX R (max ext) = (      2.99938 ,      2.99980 ,      3.00013 ) [mm]
OPAL-X> * RMS R           = (    986.06629 ,    986.47063 ,    986.70428 ) [um]
OPAL-X> * RMS P           = ( 0.000000e+00 , 0.000000e+00 , 4.900684e-10 ) [beta gamma]
OPAL-X> * Mean R: ( 4.232725e-23 , 3.007346e-20 , 9.047580e-21 ) [m]
OPAL-X> * Mean P: ( 0.000000e+00 , 0.000000e+00 , 2.782725e+00 ) [beta gamma]
OPAL-X> * MESH SPACING    = (    378.74913 ,    378.74757 ,    378.74648 ) [um]
OPAL-X> * COMPDOM INCR    = 1.000000e+00 (%) 
OPAL-X> * FIELD LAYOUT    = Domain = {[0:15:1],[0:15:1],[0:15:1]}
OPAL-X> Total number of boxes = 1
OPAL-X>     Box 0 {[0:15:1],[0:15:1],[0:15:1]}
OPAL-X> 
OPAL-X> * Centroid : 
OPAL-X> * 4.232725e-16 0.000000e+00 3.007346e-13 0.000000e+00 9.047580e-14 2.782725e+07 
OPAL-X> * Cov Matrix : 
OPAL-X> * 9.723267e-07 0.000000e+00 3.571148e-10 0.000000e+00 2.751586e-10 1.073053e-30 
OPAL-X> * 0.000000e+00 0.000000e+00 0.000000e+00 0.000000e+00 0.000000e+00 0.000000e+00 
OPAL-X> * 3.571148e-10 0.000000e+00 9.731243e-07 0.000000e+00 -3.975479e-11 -9.445217e-30 
OPAL-X> * 0.000000e+00 0.000000e+00 0.000000e+00 0.000000e+00 0.000000e+00 0.000000e+00 
OPAL-X> * 2.751586e-10 0.000000e+00 -3.975479e-11 0.000000e+00 9.735853e-07 2.392796e-30 
OPAL-X> * 1.073053e-30 0.000000e+00 -9.445217e-30 0.000000e+00 2.392796e-30 2.401671e-19 
OPAL-X> * * ********************************************************************************** 
OPAL-X> * Creating new file for data: 'run1-1e7-3.stat'
OPAL-X> * Creating new file for data: 'run1-1e7-3.lbal'
OPAL-X> * BF gone live
OPAL-X> ParallelTrack: momentum=  2.78273
OPAL-X> itsBunch_m->RefPartR_m= ( 4.23273e-23 , 3.00735e-20 , 9.04758e-21 )
OPAL-X> itsBunch_m->RefPartP_m= ( 0 , 0 , 2.78273 )
OPAL-X> OrbitThreader dt_m= 1e-10
OPAL-X> OrbitThreader maxDistance= 1.79769e+308
OPAL-X> OrbitThreader #elements  = 1
OPAL-X> OrbitThreader maxDistance= 1.28996
OPAL-X> OrbitThreader #elements  = 0
OPAL-X> 
OPAL-X> * Size of map 2 sections 
OPAL-X> * Key: (      0.000000 -       0.507831) number of overlapping elements 1
OPAL-X> *                                        BF
OPAL-X> * Key: (      0.507831 - 1000006.000000) number of overlapping elements 0
OPAL-X> 
OPAL-X> * Creating new file for data: 'data/run1-1e7-3_ElementPositions.sdds'
OPAL-X> * Track start at: 17:01:15, t= 0.000 [fs]; zstart at: 0.000 [um]
OPAL-X> * Executing ParallelTracker
OPAL-X> * Initial dt = 100.000 [ps]
OPAL-X> * Max integration steps = 33, next step = 0
OPAL-X> 
OPAL-X>                dt [ns]           zStop [m]        num Steps [1]
OPAL-X> ->         1.000000e-10        1.000000e+06                  33
OPAL-X> no solver avaidable 
OPAL-X> * 17:01:36 Step      0 at 28.213 [mm], t= 100.000 [ps], E=1.000 [MeV]
OPAL-X> * Wrote beam statistics.
OPAL-X> no solver avaidable 
OPAL-X> * 17:02:01 Step      1 at 56.426 [mm], t= 200.000 [ps], E=1.000 [MeV]
OPAL-X> * Wrote beam statistics.
OPAL-X> no solver avaidable 
OPAL-X> * 17:02:26 Step      2 at 84.639 [mm], t= 300.000 [ps], E=1.000 [MeV]
OPAL-X> * Wrote beam statistics.
OPAL-X> no solver avaidable 
OPAL-X> * 17:02:47 Step      3 at 112.851 [mm], t= 400.000 [ps], E=1.000 [MeV]
OPAL-X> * Wrote beam statistics.
OPAL-X> no solver avaidable 
OPAL-X> * 17:03:08 Step      4 at 141.064 [mm], t= 500.000 [ps], E=1.000 [MeV]
OPAL-X> * Wrote beam statistics.
OPAL-X> no solver avaidable 
OPAL-X> * 17:03:28 Step      5 at 169.277 [mm], t= 600.000 [ps], E=1.000 [MeV]
OPAL-X> * Wrote beam statistics.
OPAL-X> no solver avaidable 
OPAL-X> * 17:03:49 Step      6 at 197.490 [mm], t= 700.000 [ps], E=1.000 [MeV]
OPAL-X> * Wrote beam statistics.
OPAL-X> no solver avaidable 
OPAL-X> * 17:04:10 Step      7 at 225.703 [mm], t= 800.000 [ps], E=1.000 [MeV]
OPAL-X> * Wrote beam statistics.
OPAL-X> no solver avaidable 
OPAL-X> * 17:04:31 Step      8 at 253.916 [mm], t= 900.000 [ps], E=1.000 [MeV]
OPAL-X> * Wrote beam statistics.
OPAL-X> no solver avaidable 
OPAL-X> * 17:04:52 Step      9 at 282.128 [mm], t= 1.000 [ns], E=1.000 [MeV]
OPAL-X> * Wrote beam statistics.
OPAL-X> no solver avaidable 
OPAL-X> * 17:05:13 Step     10 at 310.341 [mm], t= 1.100 [ns], E=1.000 [MeV]
OPAL-X> * Wrote beam statistics.
OPAL-X> no solver avaidable 
OPAL-X> * 17:05:33 Step     11 at 338.554 [mm], t= 1.200 [ns], E=1.000 [MeV]
OPAL-X> * Wrote beam statistics.
OPAL-X> no solver avaidable 
OPAL-X> * 17:05:54 Step     12 at 366.767 [mm], t= 1.300 [ns], E=1.000 [MeV]
OPAL-X> * Wrote beam statistics.
OPAL-X> no solver avaidable 
OPAL-X> * 17:06:15 Step     13 at 394.980 [mm], t= 1.400 [ns], E=1.000 [MeV]
OPAL-X> * Wrote beam statistics.
OPAL-X> no solver avaidable 
OPAL-X> * 17:06:36 Step     14 at 423.193 [mm], t= 1.500 [ns], E=1.000 [MeV]
OPAL-X> * Wrote beam statistics.
OPAL-X> no solver avaidable 
OPAL-X> * 17:06:56 Step     15 at 451.406 [mm], t= 1.600 [ns], E=1.000 [MeV]
OPAL-X> * Wrote beam statistics.
OPAL-X> no solver avaidable 
OPAL-X> * 17:07:17 Step     16 at 479.618 [mm], t= 1.700 [ns], E=1.000 [MeV]
OPAL-X> * Wrote beam statistics.
OPAL-X> no solver avaidable 
OPAL-X> * 17:07:38 Step     17 at 507.831 [mm], t= 1.800 [ns], E=1.000 [MeV]
OPAL-X> * Wrote beam statistics.
OPAL-X> no solver avaidable 
OPAL-X> * 17:07:59 Step     18 at 536.044 [mm], t= 1.900 [ns], E=1.000 [MeV]
OPAL-X> * Wrote beam statistics.
OPAL-X> no solver avaidable 
OPAL-X> * 17:08:10 Step     19 at 564.257 [mm], t= 2.000 [ns], E=1.000 [MeV]
OPAL-X> * Wrote beam statistics.
OPAL-X> no solver avaidable 
OPAL-X> * 17:08:21 Step     20 at 592.470 [mm], t= 2.100 [ns], E=1.000 [MeV]
OPAL-X> * Wrote beam statistics.
OPAL-X> no solver avaidable 
OPAL-X> * 17:08:32 Step     21 at 620.683 [mm], t= 2.200 [ns], E=1.000 [MeV]
OPAL-X> * Wrote beam statistics.
OPAL-X> no solver avaidable 
OPAL-X> * 17:08:44 Step     22 at 648.895 [mm], t= 2.300 [ns], E=1.000 [MeV]
OPAL-X> * Wrote beam statistics.
OPAL-X> no solver avaidable 
OPAL-X> * 17:08:55 Step     23 at 677.108 [mm], t= 2.400 [ns], E=1.000 [MeV]
OPAL-X> * Wrote beam statistics.
OPAL-X> no solver avaidable 
OPAL-X> * 17:09:06 Step     24 at 705.321 [mm], t= 2.500 [ns], E=1.000 [MeV]
OPAL-X> * Wrote beam statistics.
OPAL-X> no solver avaidable 
OPAL-X> * 17:09:17 Step     25 at 733.534 [mm], t= 2.600 [ns], E=1.000 [MeV]
OPAL-X> * Wrote beam statistics.
OPAL-X> no solver avaidable 
OPAL-X> * 17:09:29 Step     26 at 761.747 [mm], t= 2.700 [ns], E=1.000 [MeV]
OPAL-X> * Wrote beam statistics.
OPAL-X> no solver avaidable 
OPAL-X> * 17:09:40 Step     27 at 789.960 [mm], t= 2.800 [ns], E=1.000 [MeV]
OPAL-X> * Wrote beam statistics.
OPAL-X> no solver avaidable 
OPAL-X> * 17:09:51 Step     28 at 818.173 [mm], t= 2.900 [ns], E=1.000 [MeV]
OPAL-X> * Wrote beam statistics.
OPAL-X> no solver avaidable 
OPAL-X> * 17:10:02 Step     29 at 846.385 [mm], t= 3.000 [ns], E=1.000 [MeV]
OPAL-X> * Wrote beam statistics.
OPAL-X> no solver avaidable 
OPAL-X> * 17:10:14 Step     30 at 874.598 [mm], t= 3.100 [ns], E=1.000 [MeV]
OPAL-X> * Wrote beam statistics.
OPAL-X> no solver avaidable 
OPAL-X> * 17:10:25 Step     31 at 902.811 [mm], t= 3.200 [ns], E=1.000 [MeV]
OPAL-X> * Wrote beam statistics.
OPAL-X> no solver avaidable 
OPAL-X> * 17:10:36 Step     32 at 931.024 [mm], t= 3.300 [ns], E=1.000 [MeV]
OPAL-X> * Wrote beam statistics.
OPAL-X> * Dump phase space of last step
OPAL-X> * BF gone off
OPAL-X> 
OPAL-X> * Done executing ParallelTracker at 17:10:40
OPAL-X> 
OPAL-X> * Finished time step: 0 time: 0.000000e+00
OPAL-X> * End of input stream 'run1-1e7-3.in'
Timings> ---------------------------------------------
Timings>      Timing results for 1 nodes:
Timings> ---------------------------------------------
Timings> mainTimer........... Wall tot =    575.727
Timings> 
Timings> gatherInfoPartBunch. Wall max = 0.000528831
Timings>                      Wall avg = 0.000528831
Timings>                      Wall min = 0.000528831
Timings> 
Timings> setSolver........... Wall max = 0.00026877
Timings>                      Wall avg = 0.00026877
Timings>                      Wall min = 0.00026877
Timings> 
Timings> prerun.............. Wall max = 4.9931e-05
Timings>                      Wall avg = 4.9931e-05
Timings>                      Wall min = 4.9931e-05
Timings> 
Timings> samplingTime........ Wall max =    9.16427
Timings>                      Wall avg =    9.16427
Timings>                      Wall min =    9.16427
Timings> 
Timings> SamplingTimer....... Wall max =    9.16419
Timings>                      Wall avg =    9.16419
Timings>                      Wall min =    9.16419
Timings> 
Timings> GenParticles........ Wall max =    9.16421
Timings>                      Wall avg =    9.16421
Timings>                      Wall min =    9.16421
Timings> 
Timings> particleBC.......... Wall max =  0.0827535
Timings>                      Wall avg =  0.0827535
Timings>                      Wall min =  0.0827535
Timings> 
Timings> updateParticle...... Wall max =          0
Timings>                      Wall avg =          0
Timings>                      Wall min =          0
Timings> 
Timings> Write Stat.......... Wall max =  0.0103672
Timings>                      Wall avg =  0.0103672
Timings>                      Wall min =  0.0103672
Timings> 
Timings> Write H5-File....... Wall max =      64.33
Timings>                      Wall avg =      64.33
Timings>                      Wall min =      64.33
Timings> 
Timings> TIntegration1....... Wall max =    4.22498
Timings>                      Wall avg =    4.22498
Timings>                      Wall min =    4.22498
Timings> 
Timings> TIntegration2....... Wall max =    12.4833
Timings>                      Wall avg =    12.4833
Timings>                      Wall min =    12.4833
Timings> 
Timings> External field eval. Wall max =    187.113
Timings>                      Wall avg =    187.113
Timings>                      Wall min =    187.113
Timings> 
Timings> Binaryrepart........ Wall max =          0
Timings>                      Wall avg =          0
Timings>                      Wall min =          0
Timings> 
Timings> OrbThreader......... Wall max = 0.00384245
Timings>                      Wall avg = 0.00384245
Timings>                      Wall min = 0.00384245
Timings> 
Timings> ---------------------------------------------
